Component: ARM Compiler 5.06 update 5 (build 528) Tool: armlink [4d35e2]

==============================================================================

Section Cross References

    startup_stm32f10x_hd.o(RESET) refers to startup_stm32f10x_hd.o(STACK) for __initial_sp
    startup_stm32f10x_hd.o(RESET) refers to startup_stm32f10x_hd.o(.text) for Reset_Handler
    startup_stm32f10x_hd.o(RESET) refers to stm32f10x_it.o(i.NMI_Handler) for NMI_Handler
    startup_stm32f10x_hd.o(RESET) refers to stm32f10x_it.o(i.HardFault_Handler) for HardFault_Handler
    startup_stm32f10x_hd.o(RESET) refers to stm32f10x_it.o(i.MemManage_Handler) for MemManage_Handler
    startup_stm32f10x_hd.o(RESET) refers to stm32f10x_it.o(i.BusFault_Handler) for BusFault_Handler
    startup_stm32f10x_hd.o(RESET) refers to stm32f10x_it.o(i.UsageFault_Handler) for UsageFault_Handler
    startup_stm32f10x_hd.o(RESET) refers to stm32f10x_it.o(i.SVC_Handler) for SVC_Handler
    startup_stm32f10x_hd.o(RESET) refers to stm32f10x_it.o(i.DebugMon_Handler) for DebugMon_Handler
    startup_stm32f10x_hd.o(RESET) refers to stm32f10x_it.o(i.PendSV_Handler) for PendSV_Handler
    startup_stm32f10x_hd.o(RESET) refers to stm32f10x_it.o(i.SysTick_Handler) for SysTick_Handler
    startup_stm32f10x_hd.o(RESET) refers to stm32f10x_it.o(i.EXTI2_IRQHandler) for EXTI2_IRQHandler
    startup_stm32f10x_hd.o(RESET) refers to stm32f10x_it.o(i.USART1_IRQHandler) for USART1_IRQHandler
    startup_stm32f10x_hd.o(RESET) refers to stm32f10x_it.o(i.EXTI15_10_IRQHandler) for EXTI15_10_IRQHandler
    startup_stm32f10x_hd.o(RESET) refers to stm32f10x_it.o(i.TIM6_IRQHandler) for TIM6_IRQHandler
    startup_stm32f10x_hd.o(RESET) refers to stm32f10x_it.o(i.TIM7_IRQHandler) for TIM7_IRQHandler
    startup_stm32f10x_hd.o(.text) refers to system_stm32f10x.o(i.SystemInit) for SystemInit
    startup_stm32f10x_hd.o(.text) refers to entry.o(.ARM.Collect$$$$00000000) for __main
    system_stm32f10x.o(i.SetSysClock) refers to system_stm32f10x.o(i.SetSysClockTo72) for SetSysClockTo72
    system_stm32f10x.o(i.SystemCoreClockUpdate) refers to system_stm32f10x.o(.data) for SystemCoreClock
    system_stm32f10x.o(i.SystemInit) refers to system_stm32f10x.o(i.SetSysClock) for SetSysClock
    stm32f10x_adc.o(i.ADC_DeInit) refers to stm32f10x_rcc.o(i.RCC_APB2PeriphResetCmd) for RCC_APB2PeriphResetCmd
    stm32f10x_bkp.o(i.BKP_DeInit) refers to stm32f10x_rcc.o(i.RCC_BackupResetCmd) for RCC_BackupResetCmd
    stm32f10x_can.o(i.CAN_DeInit) refers to stm32f10x_rcc.o(i.RCC_APB1PeriphResetCmd) for RCC_APB1PeriphResetCmd
    stm32f10x_can.o(i.CAN_GetITStatus) refers to stm32f10x_can.o(i.CheckITStatus) for CheckITStatus
    stm32f10x_cec.o(i.CEC_DeInit) refers to stm32f10x_rcc.o(i.RCC_APB1PeriphResetCmd) for RCC_APB1PeriphResetCmd
    stm32f10x_dac.o(i.DAC_DeInit) refers to stm32f10x_rcc.o(i.RCC_APB1PeriphResetCmd) for RCC_APB1PeriphResetCmd
    stm32f10x_flash.o(i.FLASH_EnableWriteProtection) refers to stm32f10x_flash.o(i.FLASH_WaitForLastOperation) for FLASH_WaitForLastOperation
    stm32f10x_flash.o(i.FLASH_EraseAllBank1Pages) refers to stm32f10x_flash.o(i.FLASH_WaitForLastBank1Operation) for FLASH_WaitForLastBank1Operation
    stm32f10x_flash.o(i.FLASH_EraseAllPages) refers to stm32f10x_flash.o(i.FLASH_WaitForLastOperation) for FLASH_WaitForLastOperation
    stm32f10x_flash.o(i.FLASH_EraseOptionBytes) refers to stm32f10x_flash.o(i.FLASH_GetReadOutProtectionStatus) for FLASH_GetReadOutProtectionStatus
    stm32f10x_flash.o(i.FLASH_EraseOptionBytes) refers to stm32f10x_flash.o(i.FLASH_WaitForLastOperation) for FLASH_WaitForLastOperation
    stm32f10x_flash.o(i.FLASH_ErasePage) refers to stm32f10x_flash.o(i.FLASH_WaitForLastOperation) for FLASH_WaitForLastOperation
    stm32f10x_flash.o(i.FLASH_ProgramHalfWord) refers to stm32f10x_flash.o(i.FLASH_WaitForLastOperation) for FLASH_WaitForLastOperation
    stm32f10x_flash.o(i.FLASH_ProgramOptionByteData) refers to stm32f10x_flash.o(i.FLASH_WaitForLastOperation) for FLASH_WaitForLastOperation
    stm32f10x_flash.o(i.FLASH_ProgramWord) refers to stm32f10x_flash.o(i.FLASH_WaitForLastOperation) for FLASH_WaitForLastOperation
    stm32f10x_flash.o(i.FLASH_ReadOutProtection) refers to stm32f10x_flash.o(i.FLASH_WaitForLastOperation) for FLASH_WaitForLastOperation
    stm32f10x_flash.o(i.FLASH_UserOptionByteConfig) refers to stm32f10x_flash.o(i.FLASH_WaitForLastOperation) for FLASH_WaitForLastOperation
    stm32f10x_flash.o(i.FLASH_WaitForLastBank1Operation) refers to stm32f10x_flash.o(i.FLASH_GetBank1Status) for FLASH_GetBank1Status
    stm32f10x_flash.o(i.FLASH_WaitForLastOperation) refers to stm32f10x_flash.o(i.FLASH_GetBank1Status) for FLASH_GetBank1Status
    stm32f10x_gpio.o(i.GPIO_AFIODeInit) refers to stm32f10x_rcc.o(i.RCC_APB2PeriphResetCmd) for RCC_APB2PeriphResetCmd
    stm32f10x_gpio.o(i.GPIO_DeInit) refers to stm32f10x_rcc.o(i.RCC_APB2PeriphResetCmd) for RCC_APB2PeriphResetCmd
[...]
    Removing stm32f10x_sdio.o(i.SDIO_Init), (48 bytes).
    Removing stm32f10x_sdio.o(i.SDIO_ReadData), (12 bytes).
    Removing stm32f10x_sdio.o(i.SDIO_SendCEATACmd), (12 bytes).
    Removing stm32f10x_sdio.o(i.SDIO_SendCommand), (44 bytes).
    Removing stm32f10x_sdio.o(i.SDIO_SendSDIOSuspendCmd), (12 bytes).
    Removing stm32f10x_sdio.o(i.SDIO_SetPowerState), (28 bytes).
    Removing stm32f10x_sdio.o(i.SDIO_SetSDIOOperation), (12 bytes).
    Removing stm32f10x_sdio.o(i.SDIO_SetSDIOReadWaitMode), (12 bytes).
    Removing stm32f10x_sdio.o(i.SDIO_StartSDIOReadWait), (12 bytes).
    Removing stm32f10x_sdio.o(i.SDIO_StopSDIOReadWait), (12 bytes).
    Removing stm32f10x_sdio.o(i.SDIO_StructInit), (16 bytes).
    Removing stm32f10x_sdio.o(i.SDIO_WriteData), (12 bytes).
    Removing stm32f10x_spi.o(i.I2S_Cmd), (24 bytes).
    Removing stm32f10x_spi.o(i.I2S_Init), (232 bytes).
    Removing stm32f10x_spi.o(i.I2S_StructInit), (20 bytes).
    Removing stm32f10x_spi.o(i.SPI_BiDirectionalLineConfig), (28 bytes).
    Removing stm32f10x_spi.o(i.SPI_CalculateCRC), (24 bytes).
    Removing stm32f10x_spi.o(i.SPI_Cmd), (24 bytes).
    Removing stm32f10x_spi.o(i.SPI_DataSizeConfig), (18 bytes).
    Removing stm32f10x_spi.o(i.SPI_GetCRC), (16 bytes).
    Removing stm32f10x_spi.o(i.SPI_GetCRCPolynomial), (6 bytes).
    Removing stm32f10x_spi.o(i.SPI_I2S_ClearFlag), (6 bytes).
    Removing stm32f10x_spi.o(i.SPI_I2S_ClearITPendingBit), (20 bytes).
    Removing stm32f10x_spi.o(i.SPI_I2S_DMACmd), (18 bytes).
    Removing stm32f10x_spi.o(i.SPI_I2S_DeInit), (88 bytes).
    Removing stm32f10x_spi.o(i.SPI_I2S_GetFlagStatus), (18 bytes).
    Removing stm32f10x_spi.o(i.SPI_I2S_GetITStatus), (52 bytes).
    Removing stm32f10x_spi.o(i.SPI_I2S_ITConfig), (32 bytes).
    Removing stm32f10x_spi.o(i.SPI_I2S_ReceiveData), (6 bytes).
    Removing stm32f10x_spi.o(i.SPI_I2S_SendData), (4 bytes).
    Removing stm32f10x_spi.o(i.SPI_Init), (60 bytes).
    Removing stm32f10x_spi.o(i.SPI_NSSInternalSoftwareConfig), (30 bytes).
    Removing stm32f10x_spi.o(i.SPI_SSOutputCmd), (24 bytes).
    Removing stm32f10x_spi.o(i.SPI_StructInit), (24 bytes).
    Removing stm32f10x_spi.o(i.SPI_TransmitCRC), (10 bytes).
    Removing stm32f10x_tim.o(i.TIM_ARRPreloadConfig), (24 bytes).
    Removing stm32f10x_tim.o(i.TIM_BDTRConfig), (32 bytes).
    Removing stm32f10x_tim.o(i.TIM_BDTRStructInit), (18 bytes).
    Removing stm32f10x_tim.o(i.TIM_CCPreloadControl), (24 bytes).
    Removing stm32f10x_tim.o(i.TIM_CCxCmd), (30 bytes).
    Removing stm32f10x_tim.o(i.TIM_CCxNCmd), (30 bytes).
    Removing stm32f10x_tim.o(i.TIM_ClearOC1Ref), (18 bytes).
    Removing stm32f10x_tim.o(i.TIM_ClearOC2Ref), (24 bytes).
    Removing stm32f10x_tim.o(i.TIM_ClearOC3Ref), (18 bytes).
    Removing stm32f10x_tim.o(i.TIM_ClearOC4Ref), (24 bytes).
    Removing stm32f10x_tim.o(i.TIM_CounterModeConfig), (18 bytes).
    Removing stm32f10x_tim.o(i.TIM_DMACmd), (18 bytes).
    Removing stm32f10x_tim.o(i.TIM_DMAConfig), (10 bytes).
    Removing stm32f10x_tim.o(i.TIM_DeInit), (488 bytes).
    Removing stm32f10x_tim.o(i.TIM_ETRClockMode1Config), (54 bytes).
    Removing stm32f10x_tim.o(i.TIM_ETRClockMode2Config), (32 bytes).
    Removing stm32f10x_tim.o(i.TIM_ETRConfig), (28 bytes).
    Removing stm32f10x_tim.o(i.TIM_ForcedOC1Config), (18 bytes).
    Removing stm32f10x_tim.o(i.TIM_ForcedOC2Config), (26 bytes).
    Removing stm32f10x_tim.o(i.TIM_ForcedOC3Config), (18 bytes).
    Removing stm32f10x_tim.o(i.TIM_ForcedOC4Config), (26 bytes).
    Removing stm32f10x_tim.o(i.TIM_GenerateEvent), (4 bytes).
    Removing stm32f10x_tim.o(i.TIM_GetCapture1), (6 bytes).
    Removing stm32f10x_tim.o(i.TIM_GetCapture2), (6 bytes).
    Removing stm32f10x_tim.o(i.TIM_GetCapture3), (6 bytes).
    Removing stm32f10x_tim.o(i.TIM_GetCapture4), (8 bytes).
    Removing stm32f10x_tim.o(i.TIM_GetCounter), (6 bytes).
    Removing stm32f10x_tim.o(i.TIM_GetFlagStatus), (18 bytes).
    Removing stm32f10x_tim.o(i.TIM_GetPrescaler), (6 bytes).
    Removing stm32f10x_tim.o(i.TIM_ITRxExternalClockConfig), (24 bytes).
    Removing stm32f10x_tim.o(i.TIM_InternalClockConfig), (12 bytes).
    Removing stm32f10x_tim.o(i.TIM_OC1FastConfig), (18 bytes).
    Removing stm32f10x_tim.o(i.TIM_OC1NPolarityConfig), (18 bytes).
    Removing stm32f10x_tim.o(i.TIM_OC1PolarityConfig), (18 bytes).
    Removing stm32f10x_tim.o(i.TIM_OC1PreloadConfig), (18 bytes).
    Removing stm32f10x_tim.o(i.TIM_OC2FastConfig), (26 bytes).
    Removing stm32f10x_tim.o(i.TIM_OC2Init), (164 bytes).
    Removing stm32f10x_tim.o(i.TIM_OC2NPolarityConfig), (26 bytes).
    Removing stm32f10x_tim.o(i.TIM_OC2PolarityConfig), (26 bytes).
    Removing stm32f10x_tim.o(i.TIM_OC2PreloadConfig), (26 bytes).
    Removing stm32f10x_tim.o(i.TIM_OC3FastConfig), (18 bytes).
    Removing stm32f10x_tim.o(i.TIM_OC3Init), (160 bytes).
    Removing stm32f10x_tim.o(i.TIM_OC3NPolarityConfig), (26 bytes).
    Removing stm32f10x_tim.o(i.TIM_OC3PolarityConfig), (26 bytes).
    Removing stm32f10x_tim.o(i.TIM_OC3PreloadConfig), (18 bytes).
    Removing stm32f10x_tim.o(i.TIM_OC4FastConfig), (26 bytes).
    Removing stm32f10x_tim.o(i.TIM_OC4Init), (124 bytes).
    Removing stm32f10x_tim.o(i.TIM_OC4PolarityConfig), (26 bytes).
    Removing stm32f10x_tim.o(i.TIM_OC4PreloadConfig), (26 bytes).
    Removing stm32f10x_tim.o(i.TIM_OCStructInit), (20 bytes).
    Removing stm32f10x_tim.o(i.TIM_PWMIConfig), (124 bytes).
    Removing stm32f10x_tim.o(i.TIM_PrescalerConfig), (6 bytes).
    Removing stm32f10x_tim.o(i.TIM_SelectCCDMA), (24 bytes).
    Removing stm32f10x_tim.o(i.TIM_SelectCOM), (24 bytes).
    Removing stm32f10x_tim.o(i.TIM_SelectHallSensor), (24 bytes).
    Removing stm32f10x_tim.o(i.TIM_SelectInputTrigger), (18 bytes).
    Removing stm32f10x_tim.o(i.TIM_SelectMasterSlaveMode), (18 bytes).
    Removing stm32f10x_tim.o(i.TIM_SelectOCxM), (82 bytes).
    Removing stm32f10x_tim.o(i.TIM_SelectOnePulseMode), (18 bytes).
    Removing stm32f10x_tim.o(i.TIM_SelectOutputTrigger), (18 bytes).
    Removing stm32f10x_tim.o(i.TIM_SelectSlaveMode), (18 bytes).
    Removing stm32f10x_tim.o(i.TIM_SetAutoreload), (4 bytes).
    Removing stm32f10x_tim.o(i.TIM_SetClockDivision), (18 bytes).
    Removing stm32f10x_tim.o(i.TIM_SetCompare1), (4 bytes).
    Removing stm32f10x_tim.o(i.TIM_SetCompare2), (4 bytes).
    Removing stm32f10x_tim.o(i.TIM_SetCompare3), (4 bytes).
    Removing stm32f10x_tim.o(i.TIM_SetCompare4), (6 bytes).
    Removing stm32f10x_tim.o(i.TIM_SetCounter), (4 bytes).
    Removing stm32f10x_tim.o(i.TIM_TIxExternalClockConfig), (62 bytes).
    Removing stm32f10x_tim.o(i.TIM_TimeBaseStructInit), (18 bytes).
    Removing stm32f10x_tim.o(i.TIM_UpdateDisableConfig), (24 bytes).
    Removing stm32f10x_tim.o(i.TIM_UpdateRequestConfig), (24 bytes).
    Removing stm32f10x_usart.o(i.USART_ClearITPendingBit), (30 bytes).
    Removing stm32f10x_usart.o(i.USART_ClockInit), (34 bytes).
    Removing stm32f10x_usart.o(i.USART_ClockStructInit), (12 bytes).
    Removing stm32f10x_usart.o(i.USART_DMACmd), (18 bytes).
    Removing stm32f10x_usart.o(i.USART_DeInit), (156 bytes).
    Removing stm32f10x_usart.o(i.USART_GetITStatus), (84 bytes).
    Removing stm32f10x_usart.o(i.USART_HalfDuplexCmd), (24 bytes).
    Removing stm32f10x_usart.o(i.USART_IrDACmd), (24 bytes).
    Removing stm32f10x_usart.o(i.USART_IrDAConfig), (18 bytes).
    Removing stm32f10x_usart.o(i.USART_LINBreakDetectLengthConfig), (18 bytes).
    Removing stm32f10x_usart.o(i.USART_LINCmd), (24 bytes).
    Removing stm32f10x_usart.o(i.USART_OneBitMethodCmd), (24 bytes).
    Removing stm32f10x_usart.o(i.USART_OverSampling8Cmd), (22 bytes).
    Removing stm32f10x_usart.o(i.USART_ReceiverWakeUpCmd), (24 bytes).
    Removing stm32f10x_usart.o(i.USART_SendBreak), (10 bytes).
    Removing stm32f10x_usart.o(i.USART_SendData), (8 bytes).
    Removing stm32f10x_usart.o(i.USART_SetAddress), (18 bytes).
    Removing stm32f10x_usart.o(i.USART_SetGuardTime), (16 bytes).
    Removing stm32f10x_usart.o(i.USART_SetPrescaler), (16 bytes).
    Removing stm32f10x_usart.o(i.USART_SmartCardCmd), (24 bytes).
    Removing stm32f10x_usart.o(i.USART_SmartCardNACKCmd), (24 bytes).
    Removing stm32f10x_usart.o(i.USART_StructInit), (24 bytes).
    Removing stm32f10x_usart.o(i.USART_WakeUpConfig), (18 bytes).
    Removing stm32f10x_wwdg.o(i.WWDG_ClearFlag), (12 bytes).
    Removing stm32f10x_wwdg.o(i.WWDG_DeInit), (22 bytes).
    Removing stm32f10x_wwdg.o(i.WWDG_Enable), (16 bytes).
    Removing stm32f10x_wwdg.o(i.WWDG_EnableIT), (12 bytes).
    Removing stm32f10x_wwdg.o(i.WWDG_GetFlagStatus), (12 bytes).
    Removing stm32f10x_wwdg.o(i.WWDG_SetCounter), (16 bytes).
    Removing stm32f10x_wwdg.o(i.WWDG_SetPrescaler), (24 bytes).
    Removing stm32f10x_wwdg.o(i.WWDG_SetWindowValue), (40 bytes).
    Removing bsp_drawgraph.o(i.ILI9341_DispString_EN), (104 bytes).
    Removing bsp_drawgraph.o(i.ILI9341_DispString_EN_YDir), (104 bytes).
    Removing bsp_drawgraph.o(i.ILI9341_DrawCircle), (312 bytes).
    Removing bsp_drawgraph.o(i.ILI9341_DrawRectangle), (136 bytes).
    Removing bsp_drawgraph.o(i.ILI9341_GetPointPixel), (24 bytes).
    Removing bsp_drawgraph.o(i.ILI9341_Read_PixelData), (54 bytes).
    Removing bsp_drawgraph.o(i.LCD_ClearLine), (32 bytes).
    Removing bsp_drawgraph.o(i.LCD_GetColors), (24 bytes).
    Removing bsp_drawgraph.o(i.LCD_SetBackColor), (12 bytes).
    Removing bsp_drawgraph.o(i.LCD_SetTextColor), (12 bytes).
    Removing delay.o(i.delay_s), (26 bytes).
    Removing eeprom.o(i.E2ReadByte), (58 bytes).
    Removing eeprom.o(i.E2WriteByte), (48 bytes).
    Removing bsp_drawgraph.o(i.ILI9341_Read_Data), (12 bytes).

415 unused section(s) (total 16810 bytes) removed from the image.

==============================================================================

Image Symbol Table

    Local Symbols

    Symbol Name                              Value     Ov Type        Size  Object(Section)

    ../clib/microlib/init/entry.s            0x00000000   Number         0  entry7b.o ABSOLUTE
    ../clib/microlib/init/entry.s            0x00000000   Number         0  entry.o ABSOLUTE
    ../clib/microlib/init/entry.s            0x00000000   Number         0  entry11b.o ABSOLUTE
    ../clib/microlib/init/entry.s            0x00000000   Number         0  entry5.o ABSOLUTE
    ../clib/microlib/init/entry.s            0x00000000   Number         0  entry11a.o ABSOLUTE
    ../clib/microlib/init/entry.s            0x00000000   Number         0  entry10b.o ABSOLUTE
    ../clib/microlib/init/entry.s            0x00000000   Number         0  entry8a.o ABSOLUTE
    ../clib/microlib/init/entry.s            0x00000000   Number         0  entry10a.o ABSOLUTE
    ../clib/microlib/init/entry.s            0x00000000   Number         0  entry9b.o ABSOLUTE
    ../clib/microlib/init/entry.s            0x00000000   Number         0  entry8b.o ABSOLUTE
    ../clib/microlib/init/entry.s            0x00000000   Number         0  entry9a.o ABSOLUTE
    ../clib/microlib/init/entry.s            0x00000000   Number         0  entry2.o ABSOLUTE
    ../clib/microlib/init/entry.s            0x00000000   Number         0  entry7a.o ABSOLUTE
    ../clib/microlib/longlong.c              0x00000000   Number         0  llshl.o ABSOLUTE
    ../clib/microlib/longlong.c              0x00000000   Number         0  llushr.o ABSOLUTE
    ../clib/microlib/longlong.c              0x00000000   Number         0  llsshr.o ABSOLUTE
    ../clib/microlib/string/strlen.c         0x00000000   Number         0  strlen.o ABSOLUTE
    ../clib/microlib/stubs.s                 0x00000000   Number         0  iusefp.o ABSOLUTE
    ../fplib/microlib/d2f.c                  0x00000000   Number         0  d2f.o ABSOLUTE
    ../fplib/microlib/f2d.c                  0x00000000   Number         0  f2d.o ABSOLUTE
    ../fplib/microlib/fpadd.c                0x00000000   Number         0  fadd.o ABSOLUTE
    ../fplib/microlib/fpadd.c                0x00000000   Number         0  dadd.o ABSOLUTE
    ../fplib/microlib/fpdiv.c                0x00000000   Number         0  fdiv.o ABSOLUTE
    ../fplib/microlib/fpdiv.c                0x00000000   Number         0  ddiv.o ABSOLUTE
    ../fplib/microlib/fpepilogue.c           0x00000000   Number         0  depilogue.o ABSOLUTE
    ../fplib/microlib/fpepilogue.c           0x00000000   Number         0  fepilogue.o ABSOLUTE
    ../fplib/microlib/fpfix.c                0x00000000   Number         0  ffixi.o ABSOLUTE
    ../fplib/microlib/fpfix.c                0x00000000   Number         0  ffixui.o ABSOLUTE
    ../fplib/microlib/fpfix.c                0x00000000   Number         0  dfixui.o ABSOLUTE
    ../fplib/microlib/fpflt.c                0x00000000   Number         0  ffltui.o ABSOLUTE
    ../fplib/microlib/fpflt.c                0x00000000   Number         0  fflti.o ABSOLUTE
    ../fplib/microlib/fpflt.c                0x00000000   Number         0  dfltui.o ABSOLUTE
    ../fplib/microlib/fpmul.c                0x00000000   Number         0  dmul.o ABSOLUTE
    ../fplib/microlib/fpmul.c                0x00000000   Number         0  fmul.o ABSOLUTE
    ..\Libraries\CMSIS\core_cm3.c            0x00000000   Number         0  core_cm3.o ABSOLUTE
    ..\Libraries\CMSIS\startup\startup_stm32f10x_hd.s 0x00000000   Number         0  startup_stm32f10x_hd.o ABSOLUTE
    ..\Libraries\CMSIS\system_stm32f10x.c    0x00000000   Number         0  system_stm32f10x.o ABSOLUTE
    ..\Libraries\STM32F10x_StdPeriph_Driver\src\misc.c 0x00000000   Number         0  misc.o ABSOLUTE
    ..\Libraries\STM32F10x_StdPeriph_Driver\src\stm32f10x_adc.c 0x00000000   Number         0  stm32f10x_adc.o ABSOLUTE
    ..\Libraries\STM32F10x_StdPeriph_Driver\src\stm32f10x_bkp.c 0x00000000   Number         0  stm32f10x_bkp.o ABSOLUTE
    ..\Libraries\STM32F10x_StdPeriph_Driver\src\stm32f10x_can.c 0x00000000   Number         0  stm32f10x_can.o ABSOLUTE
    ..\Libraries\STM32F10x_StdPeriph_Driver\src\stm32f10x_cec.c 0x00000000   Number         0  stm32f10x_cec.o ABSOLUTE
    ..\Libraries\STM32F10x_StdPeriph_Driver\src\stm32f10x_crc.c 0x00000000   Number         0  stm32f10x_crc.o ABSOLUTE
    ..\Libraries\STM32F10x_StdPeriph_Driver\src\stm32f10x_dac.c 0x00000000   Number         0  stm32f10x_dac.o ABSOLUTE
    ..\Libraries\STM32F10x_StdPeriph_Driver\src\stm32f10x_dbgmcu.c 0x00000000   Number         0  stm32f10x_dbgmcu.o ABSOLUTE
    ..\Libraries\STM32F10x_StdPeriph_Driver\src\stm32f10x_dma.c 0x00000000   Number         0  stm32f10x_dma.o ABSOLUTE
    ..\Libraries\STM32F10x_StdPeriph_Driver\src\stm32f10x_exti.c 0x00000000   Number         0  stm32f10x_exti.o ABSOLUTE
    ..\Libraries\STM32F10x_StdPeriph_Driver\src\stm32f10x_flash.c 0x00000000   Number         0  stm32f10x_flash.o ABSOLUTE
    ..\Libraries\STM32F10x_StdPeriph_Driver\src\stm32f10x_fsmc.c 0x00000000   Number         0  stm32f10x_fsmc.o ABSOLUTE
    ..\Libraries\STM32F10x_StdPeriph_Driver\src\stm32f10x_gpio.c 0x00000000   Number         0  stm32f10x_gpio.o ABSOLUTE
    ..\Libraries\STM32F10x_StdPeriph_Driver\src\stm32f10x_iwdg.c 0x00000000   Number         0  stm32f10x_iwdg.o ABSOLUTE
    ..\Libraries\STM32F10x_StdPeriph_Driver\src\stm32f10x_pwr.c 0x00000000   Number         0  stm32f10x_pwr.o ABSOLUTE
    ..\Libraries\STM32F10x_StdPeriph_Driver\src\stm32f10x_rcc.c 0x00000000   Number         0  stm32f10x_rcc.o ABSOLUTE
    ..\Libraries\STM32F10x_StdPeriph_Driver\src\stm32f10x_rtc.c 0x00000000   Number         0  stm32f10x_rtc.o ABSOLUTE
    ..\Libraries\STM32F10x_StdPeriph_Driver\src\stm32f10x_sdio.c 0x00000000   Number         0  stm32f10x_sdio.o ABSOLUTE
    ..\Libraries\STM32F10x_StdPeriph_Driver\src\stm32f10x_spi.c 0x00000000   Number         0  stm32f10x_spi.o ABSOLUTE
    ..\Libraries\STM32F10x_StdPeriph_Driver\src\stm32f10x_tim.c 0x00000000   Number         0  stm32f10x_tim.o ABSOLUTE
    ..\Libraries\STM32F10x_StdPeriph_Driver\src\stm32f10x_usart.c 0x00000000   Number         0  stm32f10x_usart.o ABSOLUTE
    ..\Libraries\STM32F10x_StdPeriph_Driver\src\stm32f10x_wwdg.c 0x00000000   Number         0  stm32f10x_wwdg.o ABSOLUTE
    ..\User\bsp_DisplayTIM\bsp_DisplayTIM.c  0x00000000   Number         0  bsp_displaytim.o ABSOLUTE
    ..\User\bsp_I2c\i2c.c                    0x00000000   Number         0  i2c.o ABSOLUTE
    ..\User\bsp_PulseCap_EXTI\bsp_PulseCap_EXTI.c 0x00000000   Number         0  bsp_pulsecap_exti.o ABSOLUTE
    ..\User\bsp_basetim\bsp_basetim.c        0x00000000   Number         0  bsp_basetim.o ABSOLUTE
    ..\User\bsp_coder\bsp_coder.c            0x00000000   Number         0  bsp_coder.o ABSOLUTE
    ..\User\bsp_drawgraph\bsp_drawgraph.c    0x00000000   Number         0  bsp_drawgraph.o ABSOLUTE
    ..\User\bsp_eeprom\eeprom.c              0x00000000   Number         0  eeprom.o ABSOLUTE
    ..\User\bsp_key\bsp_key.c                0x00000000   Number         0  bsp_key.o ABSOLUTE
    ..\User\bsp_led\bsp_led.c                0x00000000   Number         0  bsp_led.o ABSOLUTE
    ..\User\bsp_param\bsp_param.c            0x00000000   Number         0  bsp_param.o ABSOLUTE
    ..\User\bsp_printf\bsp_printf.c          0x00000000   Number         0  bsp_printf.o ABSOLUTE
    ..\User\bsp_pwm\bsp_pwm.c                0x00000000   Number         0  bsp_pwm.o ABSOLUTE
    ..\User\bsp_usart\bsp_usart.c            0x00000000   Number         0  bsp_usart.o ABSOLUTE
    ..\User\delay\delay.c                    0x00000000   Number         0  delay.o ABSOLUTE
    ..\User\font\fonts.c                     0x00000000   Number         0  fonts.o ABSOLUTE
    ..\User\main.c                           0x00000000   Number         0  main.o ABSOLUTE
    ..\User\stm32f10x_it.c                   0x00000000   Number         0  stm32f10x_it.o ABSOLUTE
    ..\\Libraries\\CMSIS\\core_cm3.c         0x00000000   Number         0  core_cm3.o ABSOLUTE
    cfcmple.s                                0x00000000   Number         0  cfcmple.o ABSOLUTE
    cfrcmple.s                               0x00000000   Number         0  cfrcmple.o ABSOLUTE
    dc.s                                     0x00000000   Number         0  dc.o ABSOLUTE
    handlers.s                               0x00000000   Number         0  handlers.o ABSOLUTE
    init.s                                   0x00000000   Number         0  init.o ABSOLUTE
    RESET                                    0x08000000   Section      304  startup_stm32f10x_hd.o(RESET)
    .ARM.Collect$$$$00000000                 0x08000130   Section        0  entry.o(.ARM.Collect$$$$00000000)
    .ARM.Collect$$$$00000001                 0x08000130   Section        4  entry2.o(.ARM.Collect$$$$00000001)
    .ARM.Collect$$$$00000004                 0x08000134   Section        4  entry5.o(.ARM.Collect$$$$00000004)
    .ARM.Collect$$$$00000008                 0x08000138   Section        0  entry7b.o(.ARM.Collect$$$$00000008)
    .ARM.Collect$$$$0000000A                 0x08000138   Section        0  entry8b.o(.ARM.Collect$$$$0000000A)
    .ARM.Collect$$$$0000000B                 0x08000138   Section        8  entry9a.o(.ARM.Collect$$$$0000000B)
    .ARM.Collect$$$$0000000D                 0x08000140   Section        0  entry10a.o(.ARM.Collect$$$$0000000D)
    .ARM.Collect$$$$0000000F                 0x08000140   Section        0  entry11a.o(.ARM.Collect$$$$0000000F)
    .ARM.Collect$$$$00002712                 0x08000140   Section        4  entry2.o(.ARM.Collect$$$$00002712)
    __lit__00000000                          0x08000140   Data           4  entry2.o(.ARM.Collect$$$$00002712)
    .text                                    0x08000144   Section       36  startup_stm32f10x_hd.o(.text)
    .text                                    0x08000168   Section        0  strlen.o(.text)
    .text                                    0x08000176   Section        0  fadd.o(.text)
    .text                                    0x08000226   Section        0  fmul.o(.text)
    .text                                    0x0800028a   Section        0  fdiv.o(.text)
    .text                                    0x08000306   Section        0  dadd.o(.text)
    .text                                    0x08000454   Section        0  dmul.o(.text)
    .text                                    0x08000538   Section        0  ddiv.o(.text)
    .text                                    0x08000616   Section        0  fflti.o(.text)
    .text                                    0x08000628   Section        0  ffltui.o(.text)
    .text                                    0x08000632   Section        0  dfltui.o(.text)
    .text                                    0x0800064c   Section        0  ffixi.o(.text)
    .text                                    0x0800067e   Section        0  ffixui.o(.text)
    .text                                    0x080006a6   Section        0  dfixui.o(.text)
    .text                                    0x080006d8   Section        0  f2d.o(.text)
    .text                                    0x080006fe   Section        0  d2f.o(.text)
    .text                                    0x08000738   Section       20  cfcmple.o(.text)
    .text                                    0x0800074c   Section       20  cfrcmple.o(.text)
    .text                                    0x08000760   Section        0  llshl.o(.text)
    .text                                    0x0800077e   Section        0  llushr.o(.text)
    .text                                    0x0800079e   Section        0  llsshr.o(.text)
    .text                                    0x080007c2   Section        0  fepilogue.o(.text)
    .text                                    0x080007c2   Section        0  iusefp.o(.text)
    .text                                    0x08000830   Section        0  depilogue.o(.text)
    .text                                    0x080008ec   Section       36  init.o(.text)
    i.BASIC_TIM_Config                       0x08000910   Section        0  bsp_basetim.o(i.BASIC_TIM_Config)
    i.BASIC_TIM_NVIC_Config                  0x08000968   Section        0  bsp_basetim.o(i.BASIC_TIM_NVIC_Config)
    i.BusFault_Handler                       0x08000992   Section        0  stm32f10x_it.o(i.BusFault_Handler)
    i.Cusor_Show                             0x08000998   Section        0  bsp_param.o(i.Cusor_Show)
    i.DISPLAYTIM_Config                      0x08000b34   Section        0  bsp_displaytim.o(i.DISPLAYTIM_Config)
    i.DISPLAYTIM_NVIC_Config                 0x08000b90   Section        0  bsp_displaytim.o(i.DISPLAYTIM_NVIC_Config)
    i.Data_BackUp                            0x08000bb4   Section        0  bsp_param.o(i.Data_BackUp)
    i.Data_Fetch                             0x08000c18   Section        0  bsp_param.o(i.Data_Fetch)
    i.DebugMon_Handler                       0x08000c7c   Section        0  stm32f10x_it.o(i.DebugMon_Handler)
    i.Dir_Control                            0x08000c80   Section        0  bsp_coder.o(i.Dir_Control)
    i.Dir_Control_GPIO_Config                0x08000ccc   Section        0  bsp_coder.o(i.Dir_Control_GPIO_Config)
    i.DrawGraph                              0x08000cf8   Section        0  bsp_drawgraph.o(i.DrawGraph)
    i.DrawOrdinate                           0x08000dec   Section        0  bsp_drawgraph.o(i.DrawOrdinate)
    i.E2Read                                 0x08000ecc   Section        0  eeprom.o(i.E2Read)
    i.E2Write                                0x08000f18   Section        0  eeprom.o(i.E2Write)
    i.EXTI15_10_IRQHandler                   0x08000f70   Section        0  stm32f10x_it.o(i.EXTI15_10_IRQHandler)
    i.EXTI2_IRQHandler                       0x08000fd4   Section        0  stm32f10x_it.o(i.EXTI2_IRQHandler)
    i.EXTI_ClearITPendingBit                 0x08000ff4   Section        0  stm32f10x_exti.o(i.EXTI_ClearITPendingBit)
    i.EXTI_GetITStatus                       0x08001000   Section        0  stm32f10x_exti.o(i.EXTI_GetITStatus)
    i.EXTI_Init                              0x08001028   Section        0  stm32f10x_exti.o(i.EXTI_Init)
    i.FSMC_NORSRAMCmd                        0x080010bc   Section        0  stm32f10x_fsmc.o(i.FSMC_NORSRAMCmd)
    i.FSMC_NORSRAMInit                       0x080010f0   Section        0  stm32f10x_fsmc.o(i.FSMC_NORSRAMInit)
    i.GPIO_EXTILineConfig                    0x080011d8   Section        0  stm32f10x_gpio.o(i.GPIO_EXTILineConfig)
    i.GPIO_Init                              0x08001218   Section        0  stm32f10x_gpio.o(i.GPIO_Init)
    i.GPIO_ReadInputData                     0x0800132e   Section        0  stm32f10x_gpio.o(i.GPIO_ReadInputData)
    i.GPIO_ReadInputDataBit                  0x08001336   Section        0  stm32f10x_gpio.o(i.GPIO_ReadInputDataBit)
    i.GPIO_ResetBits                         0x08001348   Section        0  stm32f10x_gpio.o(i.GPIO_ResetBits)
    i.GPIO_SetBits                           0x0800134c   Section        0  stm32f10x_gpio.o(i.GPIO_SetBits)
    i.HardFault_Handler                      0x08001350   Section        0  stm32f10x_it.o(i.HardFault_Handler)
    i.I2CInit                                0x08001354   Section        0  i2c.o(i.I2CInit)
    i.I2CRead                                0x08001388   Section        0  i2c.o(i.I2CRead)
    i.I2CReadACK                             0x080013d4   Section        0  i2c.o(i.I2CReadACK)
    i.I2CReadNAK                             0x08001410   Section        0  i2c.o(i.I2CReadNAK)
    i.I2CStart                               0x0800144c   Section        0  i2c.o(i.I2CStart)
    i.I2CStop                                0x08001480   Section        0  i2c.o(i.I2CStop)
    i.I2CWrite                               0x080014b8   Section        0  i2c.o(i.I2CWrite)
    i.ILI9341_BackLed_Control                0x08001530   Section        0  bsp_drawgraph.o(i.ILI9341_BackLed_Control)
    i.ILI9341_Clear                          0x08001554   Section        0  bsp_drawgraph.o(i.ILI9341_Clear)
    i.ILI9341_Delay                          0x08001580   Section        0  bsp_drawgraph.o(i.ILI9341_Delay)
    ILI9341_Delay                            0x08001581   Thumb Code    18  bsp_drawgraph.o(i.ILI9341_Delay)
    i.ILI9341_DispChar_EN                    0x08001594   Section        0  bsp_drawgraph.o(i.ILI9341_DispChar_EN)
    i.ILI9341_DispStringLine_EN              0x0800162c   Section        0  bsp_drawgraph.o(i.ILI9341_DispStringLine_EN)
    i.ILI9341_DrawLine                       0x08001694   Section        0  bsp_drawgraph.o(i.ILI9341_DrawLine)
    i.ILI9341_FSMC_Config                    0x08001734   Section        0  bsp_drawgraph.o(i.ILI9341_FSMC_Config)
    ILI9341_FSMC_Config                      0x08001735   Thumb Code    94  bsp_drawgraph.o(i.ILI9341_FSMC_Config)
    i.ILI9341_FillColor                      0x08001792   Section        0  bsp_drawgraph.o(i.ILI9341_FillColor)
    ILI9341_FillColor                        0x08001793   Thumb Code    32  bsp_drawgraph.o(i.ILI9341_FillColor)
    i.ILI9341_GPIO_Config                    0x080017b4   Section        0  bsp_drawgraph.o(i.ILI9341_GPIO_Config)
    ILI9341_GPIO_Config                      0x080017b5   Thumb Code   398  bsp_drawgraph.o(i.ILI9341_GPIO_Config)
    i.ILI9341_GramScan                       0x0800194c   Section        0  bsp_drawgraph.o(i.ILI9341_GramScan)
    i.ILI9341_Init                           0x08001a04   Section        0  bsp_drawgraph.o(i.ILI9341_Init)
    i.ILI9341_OpenWindow                     0x08001a2c   Section        0  bsp_drawgraph.o(i.ILI9341_OpenWindow)
    i.ILI9341_REG_Config                     0x08001a8c   Section        0  bsp_drawgraph.o(i.ILI9341_REG_Config)
    ILI9341_REG_Config                       0x08001a8d   Thumb Code   556  bsp_drawgraph.o(i.ILI9341_REG_Config)
    i.ILI9341_Rst                            0x08001cbc   Section        0  bsp_drawgraph.o(i.ILI9341_Rst)
    i.ILI9341_SetCursor                      0x08001ce4   Section        0  bsp_drawgraph.o(i.ILI9341_SetCursor)
    ILI9341_SetCursor                        0x08001ce5   Thumb Code    20  bsp_drawgraph.o(i.ILI9341_SetCursor)
    i.ILI9341_SetPointPixel                  0x08001cf8   Section        0  bsp_drawgraph.o(i.ILI9341_SetPointPixel)
    i.ILI9341_Write_Cmd                      0x08001d30   Section        0  bsp_drawgraph.o(i.ILI9341_Write_Cmd)
    i.ILI9341_Write_Data                     0x08001d38   Section        0  bsp_drawgraph.o(i.ILI9341_Write_Data)
    i.KEYPAD4x4_INT_INIT                     0x08001d44   Section        0  bsp_key.o(i.KEYPAD4x4_INT_INIT)
    i.KEYPAD4x4_Init                         0x08001e70   Section        0  bsp_key.o(i.KEYPAD4x4_Init)
    i.KEYPAD4x4_Init_Toggle                  0x08001eac   Section        0  bsp_key.o(i.KEYPAD4x4_Init_Toggle)
    i.KEYPAD4x4_Read                         0x08001ee8   Section        0  bsp_key.o(i.KEYPAD4x4_Read)
    i.Key_Handle                             0x08002074   Section        0  bsp_key.o(i.Key_Handle)
    i.Key_Init                               0x0800285c   Section        0  bsp_key.o(i.Key_Init)
    i.LCD_GetFont                            0x08002868   Section        0  bsp_drawgraph.o(i.LCD_GetFont)
    i.LCD_Ready                              0x08002874   Section        0  bsp_drawgraph.o(i.LCD_Ready)
    i.LCD_SetColors                          0x080028b0   Section        0  bsp_drawgraph.o(i.LCD_SetColors)
    i.LCD_SetFont                            0x080028c4   Section        0  bsp_drawgraph.o(i.LCD_SetFont)
    i.LED_GPIO_Config                        0x080028d0   Section        0  bsp_led.o(i.LED_GPIO_Config)
    i.MemManage_Handler                      0x08002930   Section        0  stm32f10x_it.o(i.MemManage_Handler)
    i.Motor_Start                            0x08002934   Section        0  bsp_param.o(i.Motor_Start)
    i.NMI_Handler                            0x08002950   Section        0  stm32f10x_it.o(i.NMI_Handler)
    i.NVIC_Config                            0x08002952   Section        0  bsp_pulsecap_exti.o(i.NVIC_Config)
    i.NVIC_Configuration                     0x0800297a   Section        0  bsp_usart.o(i.NVIC_Configuration)
    NVIC_Configuration                       0x0800297b   Thumb Code    38  bsp_usart.o(i.NVIC_Configuration)
    i.NVIC_Init                              0x080029a0   Section        0  misc.o(i.NVIC_Init)
    i.NVIC_PriorityGroupConfig               0x08002a10   Section        0  misc.o(i.NVIC_PriorityGroupConfig)
    i.PC_CommandHandle                       0x08002a24   Section        0  bsp_usart.o(i.PC_CommandHandle)
    i.PWM_Enable                             0x08002ae8   Section        0  bsp_pwm.o(i.PWM_Enable)
    i.PWM_SetDuty                            0x08002b00   Section        0  bsp_pwm.o(i.PWM_SetDuty)
    i.ParamBuff_Update                       0x08002b20   Section        0  bsp_param.o(i.ParamBuff_Update)
    i.Param_DynaRefresh                      0x08002c00   Section        0  bsp_param.o(i.Param_DynaRefresh)
    i.Param_NameShow                         0x08002cbc   Section        0  bsp_param.o(i.Param_NameShow)
    i.Param_Refresh                          0x08002d34   Section        0  bsp_param.o(i.Param_Refresh)
    i.Param_Update                           0x08002db4   Section        0  bsp_param.o(i.Param_Update)
    i.PendSV_Handler                         0x08002e04   Section        0  stm32f10x_it.o(i.PendSV_Handler)
    i.Pid_Cal                                0x08002e08   Section        0  main.o(i.Pid_Cal)
    i.PulseCap_EXTI_Config                   0x08002ecc   Section        0  bsp_pulsecap_exti.o(i.PulseCap_EXTI_Config)
    i.RCC_AHBPeriphClockCmd                  0x08002f18   Section        0  stm32f10x_rcc.o(i.RCC_AHBPeriphClockCmd)
    i.RCC_APB1PeriphClockCmd                 0x08002f38   Section        0  stm32f10x_rcc.o(i.RCC_APB1PeriphClockCmd)
    i.RCC_APB2PeriphClockCmd                 0x08002f58   Section        0  stm32f10x_rcc.o(i.RCC_APB2PeriphClockCmd)
    i.RCC_GetClocksFreq                      0x08002f78   Section        0  stm32f10x_rcc.o(i.RCC_GetClocksFreq)
    i.SVC_Handler                            0x0800304c   Section        0  stm32f10x_it.o(i.SVC_Handler)
    i.SetSysClock                            0x0800304e   Section        0  system_stm32f10x.o(i.SetSysClock)
    SetSysClock                              0x0800304f   Thumb Code     8  system_stm32f10x.o(i.SetSysClock)
    i.SetSysClockTo72                        0x08003058   Section        0  system_stm32f10x.o(i.SetSysClockTo72)
    SetSysClockTo72                          0x08003059   Thumb Code   214  system_stm32f10x.o(i.SetSysClockTo72)
    i.SysTick_Handler                        0x08003138   Section        0  stm32f10x_it.o(i.SysTick_Handler)
    i.SystemInit                             0x0800313c   Section        0  system_stm32f10x.o(i.SystemInit)
    i.TI1_Config                             0x0800319c   Section        0  stm32f10x_tim.o(i.TI1_Config)
    TI1_Config                               0x0800319d   Thumb Code   108  stm32f10x_tim.o(i.TI1_Config)
    i.TI2_Config                             0x0800321c   Section        0  stm32f10x_tim.o(i.TI2_Config)
    TI2_Config                               0x0800321d   Thumb Code   130  stm32f10x_tim.o(i.TI2_Config)
    i.TI3_Config                             0x080032b4   Section        0  stm32f10x_tim.o(i.TI3_Config)
    TI3_Config                               0x080032b5   Thumb Code   122  stm32f10x_tim.o(i.TI3_Config)
    i.TI4_Config                             0x08003344   Section        0  stm32f10x_tim.o(i.TI4_Config)
    TI4_Config                               0x08003345   Thumb Code   130  stm32f10x_tim.o(i.TI4_Config)
    i.TIM3_Encoder_Config                    0x080033dc   Section        0  bsp_coder.o(i.TIM3_Encoder_Config)
    i.TIM3_Encoder_GPIO_Config               0x0800343c   Section        0  bsp_coder.o(i.TIM3_Encoder_GPIO_Config)
    i.TIM6_IRQHandler                        0x08003468   Section        0  stm32f10x_it.o(i.TIM6_IRQHandler)
    i.TIM7_IRQHandler                        0x08003568   Section        0  stm32f10x_it.o(i.TIM7_IRQHandler)
    i.TIM_ClearFlag                          0x080035dc   Section        0  stm32f10x_tim.o(i.TIM_ClearFlag)
    i.TIM_ClearITPendingBit                  0x080035e2   Section        0  stm32f10x_tim.o(i.TIM_ClearITPendingBit)
    i.TIM_Cmd                                0x080035e8   Section        0  stm32f10x_tim.o(i.TIM_Cmd)
    i.TIM_CtrlPWMOutputs                     0x08003600   Section        0  stm32f10x_tim.o(i.TIM_CtrlPWMOutputs)
    i.TIM_EncoderInterfaceConfig             0x0800361e   Section        0  stm32f10x_tim.o(i.TIM_EncoderInterfaceConfig)
    i.TIM_GetITStatus                        0x08003660   Section        0  stm32f10x_tim.o(i.TIM_GetITStatus)
    i.TIM_ICInit                             0x08003684   Section        0  stm32f10x_tim.o(i.TIM_ICInit)
    i.TIM_ICStructInit                       0x08003730   Section        0  stm32f10x_tim.o(i.TIM_ICStructInit)
    i.TIM_ITConfig                           0x08003742   Section        0  stm32f10x_tim.o(i.TIM_ITConfig)
    i.TIM_OC1Init                            0x08003754   Section        0  stm32f10x_tim.o(i.TIM_OC1Init)
    i.TIM_PWM_Config                         0x080037ec   Section        0  bsp_pwm.o(i.TIM_PWM_Config)
    i.TIM_PWM_GPIO_Congig                    0x08003848   Section        0  bsp_pwm.o(i.TIM_PWM_GPIO_Congig)
    i.TIM_SetIC1Prescaler                    0x08003874   Section        0  stm32f10x_tim.o(i.TIM_SetIC1Prescaler)
    i.TIM_SetIC2Prescaler                    0x08003886   Section        0  stm32f10x_tim.o(i.TIM_SetIC2Prescaler)
    i.TIM_SetIC3Prescaler                    0x080038a0   Section        0  stm32f10x_tim.o(i.TIM_SetIC3Prescaler)
    i.TIM_SetIC4Prescaler                    0x080038b2   Section        0  stm32f10x_tim.o(i.TIM_SetIC4Prescaler)
    i.TIM_TimeBaseInit                       0x080038cc   Section        0  stm32f10x_tim.o(i.TIM_TimeBaseInit)
    i.USART1_IRQHandler                      0x08003970   Section        0  stm32f10x_it.o(i.USART1_IRQHandler)
    i.USART_ClearFlag                        0x080039d8   Section        0  stm32f10x_usart.o(i.USART_ClearFlag)
    i.USART_Cmd                              0x080039ea   Section        0  stm32f10x_usart.o(i.USART_Cmd)
    i.USART_Config                           0x08003a04   Section        0  bsp_usart.o(i.USART_Config)
    i.USART_GetFlagStatus                    0x08003a98   Section        0  stm32f10x_usart.o(i.USART_GetFlagStatus)
    i.USART_ITConfig                         0x08003ab2   Section        0  stm32f10x_usart.o(i.USART_ITConfig)
    i.USART_Init                             0x08003afc   Section        0  stm32f10x_usart.o(i.USART_Init)
    i.USART_ReceiveData                      0x08003bd4   Section        0  stm32f10x_usart.o(i.USART_ReceiveData)
    i.UsageFault_Handler                     0x08003bde   Section        0  stm32f10x_it.o(i.UsageFault_Handler)
    i.__scatterload_copy                     0x08003be2   Section       14  handlers.o(i.__scatterload_copy)
    i.__scatterload_null                     0x08003bf0   Section        2  handlers.o(i.__scatterload_null)
    i.__scatterload_zeroinit                 0x08003bf2   Section       14  handlers.o(i.__scatterload_zeroinit)
    i.delay_ms                               0x08003c00   Section        0  delay.o(i.delay_ms)
    i.delay_us                               0x08003c1a   Section        0  delay.o(i.delay_us)
    i.main                                   0x08003c48   Section        0  main.o(i.main)
    i.my_atof                                0x08003d64   Section        0  bsp_printf.o(i.my_atof)
    i.my_pow                                 0x08003e40   Section        0  bsp_printf.o(i.my_pow)
    my_pow                                   0x08003e41   Thumb Code    20  bsp_printf.o(i.my_pow)
    i.my_printf                              0x08003e54   Section        0  bsp_printf.o(i.my_printf)
    i.my_putchar                             0x08004330   Section        0  bsp_drawgraph.o(i.my_putchar)
    i.my_putstr                              0x08004396   Section        0  bsp_drawgraph.o(i.my_putstr)
    .constdata                               0x080043b4   Section    15200  fonts.o(.constdata)
    .data                                    0x20000000   Section       20  stm32f10x_rcc.o(.data)
    APBAHBPrescTable                         0x20000000   Data          16  stm32f10x_rcc.o(.data)
    ADCPrescTable                            0x20000010   Data           4  stm32f10x_rcc.o(.data)
    .data                                    0x20000014   Section       12  main.o(.data)
    .data                                    0x20000020   Section       24  bsp_drawgraph.o(.data)
    LCD_Currentfonts                         0x20000030   Data           4  bsp_drawgraph.o(.data)
    CurrentTextColor                         0x20000034   Data           2  bsp_drawgraph.o(.data)
    CurrentBackColor                         0x20000036   Data           2  bsp_drawgraph.o(.data)
    .data                                    0x20000038   Section       24  fonts.o(.data)
    .data                                    0x20000050   Section        4  bsp_key.o(.data)
    .data                                    0x20000054   Section        1  bsp_usart.o(.data)
    .bss                                     0x20000058   Section      164  main.o(.bss)
    .bss                                     0x200000fc   Section       10  bsp_usart.o(.bss)
    STACK                                    0x20000108   Section     1024  startup_stm32f10x_hd.o(STACK)

    Global Symbols

    Symbol Name                              Value     Ov Type        Size  Object(Section)

    BuildAttributes$$THM_ISAv4$P$D$K$B$S$PE$A:L22UL41UL21$X:L11$S22US41US21$IEEE1$IW$USESV6$~STKCKD$USESV7$~SHL$OTIME$ROPI$EBA8$MICROLIB$REQ8$PRES8$EABIv2 0x00000000   Number         0  anon$$obj.o ABSOLUTE
    __ARM_use_no_argv                        0x00000000   Number         0  main.o ABSOLUTE
    __cpp_initialize__aeabi_                  - Undefined Weak Reference
    __cxa_finalize                            - Undefined Weak Reference
    __decompress                              - Undefined Weak Reference
    _clock_init                               - Undefined Weak Reference
    _microlib_exit                            - Undefined Weak Reference
    __Vectors_Size                           0x00000130   Number         0  startup_stm32f10x_hd.o ABSOLUTE
    __Vectors                                0x08000000   Data           4  startup_stm32f10x_hd.o(RESET)
    __Vectors_End                            0x08000130   Data           0  startup_stm32f10x_hd.o(RESET)
    __main                                   0x08000131   Thumb Code     0  entry.o(.ARM.Collect$$$$00000000)
    _main_stk                                0x08000131   Thumb Code     0  entry2.o(.ARM.Collect$$$$00000001)
    _main_scatterload                        0x08000135   Thumb Code     0  entry5.o(.ARM.Collect$$$$00000004)
    __main_after_scatterload                 0x08000139   Thumb Code     0  entry5.o(.ARM.Collect$$$$00000004)
    _main_clock                              0x08000139   Thumb Code     0  entry7b.o(.ARM.Collect$$$$00000008)
    _main_cpp_init                           0x08000139   Thumb Code     0  entry8b.o(.ARM.Collect$$$$0000000A)
    _main_init                               0x08000139   Thumb Code     0  entry9a.o(.ARM.Collect$$$$0000000B)
    __rt_final_cpp                           0x08000141   Thumb Code     0  entry10a.o(.ARM.Collect$$$$0000000D)
    __rt_final_exit                          0x08000141   Thumb Code     0  entry11a.o(.ARM.Collect$$$$0000000F)
    Reset_Handler                            0x08000145   Thumb Code     8  startup_stm32f10x_hd.o(.text)
    ADC1_2_IRQHandler                        0x0800015f   Thumb Code     0  startup_stm32f10x_hd.o(.text)
    ADC3_IRQHandler                          0x0800015f   Thumb Code     0  startup_stm32f10x_hd.o(.text)
    CAN1_RX1_IRQHandler                      0x0800015f   Thumb Code     0  startup_stm32f10x_hd.o(.text)
    CAN1_SCE_IRQHandler                      0x0800015f   Thumb Code     0  startup_stm32f10x_hd.o(.text)
    DMA1_Channel1_IRQHandler                 0x0800015f   Thumb Code     0  startup_stm32f10x_hd.o(.text)
    DMA1_Channel2_IRQHandler                 0x0800015f   Thumb Code     0  startup_stm32f10x_hd.o(.text)
    DMA1_Channel3_IRQHandler                 0x0800015f   Thumb Code     0  startup_stm32f10x_hd.o(.text)
    DMA1_Channel4_IRQHandler                 0x0800015f   Thumb Code     0  startup_stm32f10x_hd.o(.text)
    DMA1_Channel5_IRQHandler                 0x0800015f   Thumb Code     0  startup_stm32f10x_hd.o(.text)
    DMA1_Channel6_IRQHandler                 0x0800015f   Thumb Code     0  startup_stm32f10x_hd.o(.text)
    DMA1_Channel7_IRQHandler                 0x0800015f   Thumb Code     0  startup_stm32f10x_hd.o(.text)
    DMA2_Channel1_IRQHandler                 0x0800015f   Thumb Code     0  startup_stm32f10x_hd.o(.text)
    DMA2_Channel2_IRQHandler                 0x0800015f   Thumb Code     0  startup_stm32f10x_hd.o(.text)
    DMA2_Channel3_IRQHandler                 0x0800015f   Thumb Code     0  startup_stm32f10x_hd.o(.text)
    DMA2_Channel4_5_IRQHandler               0x0800015f   Thumb Code     0  startup_stm32f10x_hd.o(.text)
    EXTI0_IRQHandler                         0x0800015f   Thumb Code     0  startup_stm32f10x_hd.o(.text)
    EXTI1_IRQHandler                         0x0800015f   Thumb Code     0  startup_stm32f10x_hd.o(.text)
    EXTI3_IRQHandler                         0x0800015f   Thumb Code     0  startup_stm32f10x_hd.o(.text)
    EXTI4_IRQHandler                         0x0800015f   Thumb Code     0  startup_stm32f10x_hd.o(.text)
    EXTI9_5_IRQHandler                       0x0800015f   Thumb Code     0  startup_stm32f10x_hd.o(.text)
    FLASH_IRQHandler                         0x0800015f   Thumb Code     0  startup_stm32f10x_hd.o(.text)
    FSMC_IRQHandler                          0x0800015f   Thumb Code     0  startup_stm32f10x_hd.o(.text)
    I2C1_ER_IRQHandler                       0x0800015f   Thumb Code     0  startup_stm32f10x_hd.o(.text)
    I2C1_EV_IRQHandler                       0x0800015f   Thumb Code     0  startup_stm32f10x_hd.o(.text)
    I2C2_ER_IRQHandler                       0x0800015f   Thumb Code     0  startup_stm32f10x_hd.o(.text)
    I2C2_EV_IRQHandler                       0x0800015f   Thumb Code     0  startup_stm32f10x_hd.o(.text)
    PVD_IRQHandler                           0x0800015f   Thumb Code     0  startup_stm32f10x_hd.o(.text)
    RCC_IRQHandler                           0x0800015f   Thumb Code     0  startup_stm32f10x_hd.o(.text)
    RTCAlarm_IRQHandler                      0x0800015f   Thumb Code     0  startup_stm32f10x_hd.o(.text)
    RTC_IRQHandler                           0x0800015f   Thumb Code     0  startup_stm32f10x_hd.o(.text)
    SDIO_IRQHandler                          0x0800015f   Thumb Code     0  startup_stm32f10x_hd.o(.text)
    SPI1_IRQHandler                          0x0800015f   Thumb Code     0  startup_stm32f10x_hd.o(.text)
    SPI2_IRQHandler                          0x0800015f   Thumb Code     0  startup_stm32f10x_hd.o(.text)
    SPI3_IRQHandler                          0x0800015f   Thumb Code     0  startup_stm32f10x_hd.o(.text)
    TAMPER_IRQHandler                        0x0800015f   Thumb Code     0  startup_stm32f10x_hd.o(.text)
    TIM1_BRK_IRQHandler                      0x0800015f   Thumb Code     0  startup_stm32f10x_hd.o(.text)
    TIM1_CC_IRQHandler                       0x0800015f   Thumb Code     0  startup_stm32f10x_hd.o(.text)
    TIM1_TRG_COM_IRQHandler                  0x0800015f   Thumb Code     0  startup_stm32f10x_hd.o(.text)
    TIM1_UP_IRQHandler                       0x0800015f   Thumb Code     0  startup_stm32f10x_hd.o(.text)
    TIM2_IRQHandler                          0x0800015f   Thumb Code     0  startup_stm32f10x_hd.o(.text)
    TIM3_IRQHandler                          0x0800015f   Thumb Code     0  startup_stm32f10x_hd.o(.text)
    TIM4_IRQHandler                          0x0800015f   Thumb Code     0  startup_stm32f10x_hd.o(.text)
    TIM5_IRQHandler                          0x0800015f   Thumb Code     0  startup_stm32f10x_hd.o(.text)
    TIM8_BRK_IRQHandler                      0x0800015f   Thumb Code     0  startup_stm32f10x_hd.o(.text)
    TIM8_CC_IRQHandler                       0x0800015f   Thumb Code     0  startup_stm32f10x_hd.o(.text)
    TIM8_TRG_COM_IRQHandler                  0x0800015f   Thumb Code     0  startup_stm32f10x_hd.o(.text)
    TIM8_UP_IRQHandler                       0x0800015f   Thumb Code     0  startup_stm32f10x_hd.o(.text)
    UART4_IRQHandler                         0x0800015f   Thumb Code     0  startup_stm32f10x_hd.o(.text)
    UART5_IRQHandler                         0x0800015f   Thumb Code     0  startup_stm32f10x_hd.o(.text)
    USART2_IRQHandler                        0x0800015f   Thumb Code     0  startup_stm32f10x_hd.o(.text)
    USART3_IRQHandler                        0x0800015f   Thumb Code     0  startup_stm32f10x_hd.o(.text)
    USBWakeUp_IRQHandler                     0x0800015f   Thumb Code     0  startup_stm32f10x_hd.o(.text)
    USB_HP_CAN1_TX_IRQHandler                0x0800015f   Thumb Code     0  startup_stm32f10x_hd.o(.text)
    USB_LP_CAN1_RX0_IRQHandler               0x0800015f   Thumb Code     0  startup_stm32f10x_hd.o(.text)
    WWDG_IRQHandler                          0x0800015f   Thumb Code     0  startup_stm32f10x_hd.o(.text)
    strlen                                   0x08000169   Thumb Code    14  strlen.o(.text)
    __aeabi_fadd                             0x08000177   Thumb Code   164  fadd.o(.text)
    __aeabi_fsub                             0x0800021b   Thumb Code     6  fadd.o(.text)
    __aeabi_frsub                            0x08000221   Thumb Code     6  fadd.o(.text)
    __aeabi_fmul                             0x08000227   Thumb Code   100  fmul.o(.text)
    __aeabi_fdiv                             0x0800028b   Thumb Code   124  fdiv.o(.text)
    __aeabi_dadd                             0x08000307   Thumb Code   322  dadd.o(.text)
    __aeabi_dsub                             0x08000449   Thumb Code     6  dadd.o(.text)
    __aeabi_drsub                            0x0800044f   Thumb Code     6  dadd.o(.text)
    __aeabi_dmul                             0x08000455   Thumb Code   228  dmul.o(.text)
    __aeabi_ddiv                             0x08000539   Thumb Code   222  ddiv.o(.text)
    __aeabi_i2f                              0x08000617   Thumb Code    18  fflti.o(.text)
    __aeabi_ui2f                             0x08000629   Thumb Code    10  ffltui.o(.text)
    __aeabi_ui2d                             0x08000633   Thumb Code    26  dfltui.o(.text)
    __aeabi_f2iz                             0x0800064d   Thumb Code    50  ffixi.o(.text)
    __aeabi_f2uiz                            0x0800067f   Thumb Code    40  ffixui.o(.text)
    __aeabi_d2uiz                            0x080006a7   Thumb Code    50  dfixui.o(.text)
    __aeabi_f2d                              0x080006d9   Thumb Code    38  f2d.o(.text)
    __aeabi_d2f                              0x080006ff   Thumb Code    56  d2f.o(.text)
    __aeabi_cfcmpeq                          0x08000739   Thumb Code     0  cfcmple.o(.text)
    __aeabi_cfcmple                          0x08000739   Thumb Code    20  cfcmple.o(.text)
    __aeabi_cfrcmple                         0x0800074d   Thumb Code    20  cfrcmple.o(.text)
    __aeabi_llsl                             0x08000761   Thumb Code    30  llshl.o(.text)
    _ll_shift_l                              0x08000761   Thumb Code     0  llshl.o(.text)
    __aeabi_llsr                             0x0800077f   Thumb Code    32  llushr.o(.text)
    _ll_ushift_r                             0x0800077f   Thumb Code     0  llushr.o(.text)
    __aeabi_lasr                             0x0800079f   Thumb Code    36  llsshr.o(.text)
    _ll_sshift_r                             0x0800079f   Thumb Code     0  llsshr.o(.text)
    __I$use$fp                               0x080007c3   Thumb Code     0  iusefp.o(.text)
    _float_round                             0x080007c3   Thumb Code    18  fepilogue.o(.text)
    _float_epilogue                          0x080007d5   Thumb Code    92  fepilogue.o(.text)
    _double_round                            0x08000831   Thumb Code    30  depilogue.o(.text)
    _double_epilogue                         0x0800084f   Thumb Code   156  depilogue.o(.text)
    __scatterload                            0x080008ed   Thumb Code    28  init.o(.text)
    __scatterload_rt2                        0x080008ed   Thumb Code     0  init.o(.text)
    BASIC_TIM_Config                         0x08000911   Thumb Code    84  bsp_basetim.o(i.BASIC_TIM_Config)
    BASIC_TIM_NVIC_Config                    0x08000969   Thumb Code    42  bsp_basetim.o(i.BASIC_TIM_NVIC_Config)
    BusFault_Handler                         0x08000993   Thumb Code     4  stm32f10x_it.o(i.BusFault_Handler)
    Cusor_Show                               0x08000999   Thumb Code   402  bsp_param.o(i.Cusor_Show)
    DISPLAYTIM_Config                        0x08000b35   Thumb Code    86  bsp_displaytim.o(i.DISPLAYTIM_Config)
    DISPLAYTIM_NVIC_Config                   0x08000b91   Thumb Code    34  bsp_displaytim.o(i.DISPLAYTIM_NVIC_Config)
    Data_BackUp                              0x08000bb5   Thumb Code    84  bsp_param.o(i.Data_BackUp)
    Data_Fetch                               0x08000c19   Thumb Code    84  bsp_param.o(i.Data_Fetch)
    DebugMon_Handler                         0x08000c7d   Thumb Code     2  stm32f10x_it.o(i.DebugMon_Handler)
    Dir_Control                              0x08000c81   Thumb Code    68  bsp_coder.o(i.Dir_Control)
    Dir_Control_GPIO_Config                  0x08000ccd   Thumb Code    40  bsp_coder.o(i.Dir_Control_GPIO_Config)
    DrawGraph                                0x08000cf9   Thumb Code   200  bsp_drawgraph.o(i.DrawGraph)
    DrawOrdinate                             0x08000ded   Thumb Code   210  bsp_drawgraph.o(i.DrawOrdinate)
    E2Read                                   0x08000ecd   Thumb Code    76  eeprom.o(i.E2Read)
    E2Write                                  0x08000f19   Thumb Code    88  eeprom.o(i.E2Write)
    EXTI15_10_IRQHandler                     0x08000f71   Thumb Code    94  stm32f10x_it.o(i.EXTI15_10_IRQHandler)
    EXTI2_IRQHandler                         0x08000fd5   Thumb Code    28  stm32f10x_it.o(i.EXTI2_IRQHandler)
    EXTI_ClearITPendingBit                   0x08000ff5   Thumb Code     6  stm32f10x_exti.o(i.EXTI_ClearITPendingBit)
    EXTI_GetITStatus                         0x08001001   Thumb Code    34  stm32f10x_exti.o(i.EXTI_GetITStatus)
    EXTI_Init                                0x08001029   Thumb Code   142  stm32f10x_exti.o(i.EXTI_Init)
    FSMC_NORSRAMCmd                          0x080010bd   Thumb Code    46  stm32f10x_fsmc.o(i.FSMC_NORSRAMCmd)
    FSMC_NORSRAMInit                         0x080010f1   Thumb Code   230  stm32f10x_fsmc.o(i.FSMC_NORSRAMInit)
    GPIO_EXTILineConfig                      0x080011d9   Thumb Code    60  stm32f10x_gpio.o(i.GPIO_EXTILineConfig)
    GPIO_Init                                0x08001219   Thumb Code   278  stm32f10x_gpio.o(i.GPIO_Init)
    GPIO_ReadInputData                       0x0800132f   Thumb Code     8  stm32f10x_gpio.o(i.GPIO_ReadInputData)
    GPIO_ReadInputDataBit                    0x08001337   Thumb Code    18  stm32f10x_gpio.o(i.GPIO_ReadInputDataBit)
    GPIO_ResetBits                           0x08001349   Thumb Code     4  stm32f10x_gpio.o(i.GPIO_ResetBits)
    GPIO_SetBits                             0x0800134d   Thumb Code     4  stm32f10x_gpio.o(i.GPIO_SetBits)
    HardFault_Handler                        0x08001351   Thumb Code     4  stm32f10x_it.o(i.HardFault_Handler)
    I2CInit                                  0x08001355   Thumb Code    46  i2c.o(i.I2CInit)
    I2CRead                                  0x08001389   Thumb Code    68  i2c.o(i.I2CRead)
    I2CReadACK                               0x080013d5   Thumb Code    52  i2c.o(i.I2CReadACK)
    I2CReadNAK                               0x08001411   Thumb Code    52  i2c.o(i.I2CReadNAK)
    I2CStart                                 0x0800144d   Thumb Code    42  i2c.o(i.I2CStart)
    I2CStop                                  0x08001481   Thumb Code    48  i2c.o(i.I2CStop)
    I2CWrite                                 0x080014b9   Thumb Code   112  i2c.o(i.I2CWrite)
    ILI9341_BackLed_Control                  0x08001531   Thumb Code    30  bsp_drawgraph.o(i.ILI9341_BackLed_Control)
    ILI9341_Clear                            0x08001555   Thumb Code    40  bsp_drawgraph.o(i.ILI9341_Clear)
    ILI9341_DispChar_EN                      0x08001595   Thumb Code   138  bsp_drawgraph.o(i.ILI9341_DispChar_EN)
    ILI9341_DispStringLine_EN                0x0800162d   Thumb Code    92  bsp_drawgraph.o(i.ILI9341_DispStringLine_EN)
    ILI9341_DrawLine                         0x08001695   Thumb Code   160  bsp_drawgraph.o(i.ILI9341_DrawLine)
    ILI9341_GramScan                         0x0800194d   Thumb Code   172  bsp_drawgraph.o(i.ILI9341_GramScan)
    ILI9341_Init                             0x08001a05   Thumb Code    34  bsp_drawgraph.o(i.ILI9341_Init)
    ILI9341_OpenWindow                       0x08001a2d   Thumb Code    96  bsp_drawgraph.o(i.ILI9341_OpenWindow)
    ILI9341_Rst                              0x08001cbd   Thumb Code    36  bsp_drawgraph.o(i.ILI9341_Rst)
    ILI9341_SetPointPixel                    0x08001cf9   Thumb Code    42  bsp_drawgraph.o(i.ILI9341_SetPointPixel)
    ILI9341_Write_Cmd                        0x08001d31   Thumb Code     8  bsp_drawgraph.o(i.ILI9341_Write_Cmd)
    ILI9341_Write_Data                       0x08001d39   Thumb Code     6  bsp_drawgraph.o(i.ILI9341_Write_Data)
    KEYPAD4x4_INT_INIT                       0x08001d45   Thumb Code   300  bsp_key.o(i.KEYPAD4x4_INT_INIT)
    KEYPAD4x4_Init                           0x08001e71   Thumb Code    54  bsp_key.o(i.KEYPAD4x4_Init)
    KEYPAD4x4_Init_Toggle                    0x08001ead   Thumb Code    54  bsp_key.o(i.KEYPAD4x4_Init_Toggle)
    KEYPAD4x4_Read                           0x08001ee9   Thumb Code   392  bsp_key.o(i.KEYPAD4x4_Read)
    Key_Handle                               0x08002075   Thumb Code  2024  bsp_key.o(i.Key_Handle)
    Key_Init                                 0x0800285d   Thumb Code    12  bsp_key.o(i.Key_Init)
    LCD_GetFont                              0x08002869   Thumb Code     6  bsp_drawgraph.o(i.LCD_GetFont)
    LCD_Ready                                0x08002875   Thumb Code    46  bsp_drawgraph.o(i.LCD_Ready)
    LCD_SetColors                            0x080028b1   Thumb Code    10  bsp_drawgraph.o(i.LCD_SetColors)
    LCD_SetFont                              0x080028c5   Thumb Code     6  bsp_drawgraph.o(i.LCD_SetFont)
    LED_GPIO_Config                          0x080028d1   Thumb Code    90  bsp_led.o(i.LED_GPIO_Config)
    MemManage_Handler                        0x08002931   Thumb Code     4  stm32f10x_it.o(i.MemManage_Handler)
    Motor_Start                              0x08002935   Thumb Code    18  bsp_param.o(i.Motor_Start)
    NMI_Handler                              0x08002951   Thumb Code     2  stm32f10x_it.o(i.NMI_Handler)
    NVIC_Config                              0x08002953   Thumb Code    40  bsp_pulsecap_exti.o(i.NVIC_Config)
    NVIC_Init                                0x080029a1   Thumb Code   100  misc.o(i.NVIC_Init)
    NVIC_PriorityGroupConfig                 0x08002a11   Thumb Code    10  misc.o(i.NVIC_PriorityGroupConfig)
    PC_CommandHandle                         0x08002a25   Thumb Code   178  bsp_usart.o(i.PC_CommandHandle)
    PWM_Enable                               0x08002ae9   Thumb Code    20  bsp_pwm.o(i.PWM_Enable)
    PWM_SetDuty                              0x08002b01   Thumb Code    24  bsp_pwm.o(i.PWM_SetDuty)
    ParamBuff_Update                         0x08002b21   Thumb Code   204  bsp_param.o(i.ParamBuff_Update)
    Param_DynaRefresh                        0x08002c01   Thumb Code   174  bsp_param.o(i.Param_DynaRefresh)
    Param_NameShow                           0x08002cbd   Thumb Code    74  bsp_param.o(i.Param_NameShow)
    Param_Refresh                            0x08002d35   Thumb Code   106  bsp_param.o(i.Param_Refresh)
    Param_Update                             0x08002db5   Thumb Code    62  bsp_param.o(i.Param_Update)
    PendSV_Handler                           0x08002e05   Thumb Code     2  stm32f10x_it.o(i.PendSV_Handler)
    Pid_Cal                                  0x08002e09   Thumb Code   186  main.o(i.Pid_Cal)
    PulseCap_EXTI_Config                     0x08002ecd   Thumb Code    70  bsp_pulsecap_exti.o(i.PulseCap_EXTI_Config)
    RCC_AHBPeriphClockCmd                    0x08002f19   Thumb Code    26  stm32f10x_rcc.o(i.RCC_AHBPeriphClockCmd)
    RCC_APB1PeriphClockCmd                   0x08002f39   Thumb Code    26  stm32f10x_rcc.o(i.RCC_APB1PeriphClockCmd)
    RCC_APB2PeriphClockCmd                   0x08002f59   Thumb Code    26  stm32f10x_rcc.o(i.RCC_APB2PeriphClockCmd)
    RCC_GetClocksFreq                        0x08002f79   Thumb Code   192  stm32f10x_rcc.o(i.RCC_GetClocksFreq)
    SVC_Handler                              0x0800304d   Thumb Code     2  stm32f10x_it.o(i.SVC_Handler)
    SysTick_Handler                          0x08003139   Thumb Code     2  stm32f10x_it.o(i.SysTick_Handler)
    SystemInit                               0x0800313d   Thumb Code    78  system_stm32f10x.o(i.SystemInit)
    TIM3_Encoder_Config                      0x080033dd   Thumb Code    88  bsp_coder.o(i.TIM3_Encoder_Config)
    TIM3_Encoder_GPIO_Config                 0x0800343d   Thumb Code    38  bsp_coder.o(i.TIM3_Encoder_GPIO_Config)
    TIM6_IRQHandler                          0x08003469   Thumb Code   206  stm32f10x_it.o(i.TIM6_IRQHandler)
    TIM7_IRQHandler                          0x08003569   Thumb Code    92  stm32f10x_it.o(i.TIM7_IRQHandler)
    TIM_ClearFlag                            0x080035dd   Thumb Code     6  stm32f10x_tim.o(i.TIM_ClearFlag)
    TIM_ClearITPendingBit                    0x080035e3   Thumb Code     6  stm32f10x_tim.o(i.TIM_ClearITPendingBit)
    TIM_Cmd                                  0x080035e9   Thumb Code    24  stm32f10x_tim.o(i.TIM_Cmd)
    TIM_CtrlPWMOutputs                       0x08003601   Thumb Code    30  stm32f10x_tim.o(i.TIM_CtrlPWMOutputs)
    TIM_EncoderInterfaceConfig               0x0800361f   Thumb Code    66  stm32f10x_tim.o(i.TIM_EncoderInterfaceConfig)
    TIM_GetITStatus                          0x08003661   Thumb Code    34  stm32f10x_tim.o(i.TIM_GetITStatus)
    TIM_ICInit                               0x08003685   Thumb Code   150  stm32f10x_tim.o(i.TIM_ICInit)
    TIM_ICStructInit                         0x08003731   Thumb Code    18  stm32f10x_tim.o(i.TIM_ICStructInit)
    TIM_ITConfig                             0x08003743   Thumb Code    18  stm32f10x_tim.o(i.TIM_ITConfig)
    TIM_OC1Init                              0x08003755   Thumb Code   132  stm32f10x_tim.o(i.TIM_OC1Init)
    TIM_PWM_Config                           0x080037ed   Thumb Code    86  bsp_pwm.o(i.TIM_PWM_Config)
    TIM_PWM_GPIO_Congig                      0x08003849   Thumb Code    40  bsp_pwm.o(i.TIM_PWM_GPIO_Congig)
    TIM_SetIC1Prescaler                      0x08003875   Thumb Code    18  stm32f10x_tim.o(i.TIM_SetIC1Prescaler)
    TIM_SetIC2Prescaler                      0x08003887   Thumb Code    26  stm32f10x_tim.o(i.TIM_SetIC2Prescaler)
    TIM_SetIC3Prescaler                      0x080038a1   Thumb Code    18  stm32f10x_tim.o(i.TIM_SetIC3Prescaler)
    TIM_SetIC4Prescaler                      0x080038b3   Thumb Code    26  stm32f10x_tim.o(i.TIM_SetIC4Prescaler)
    TIM_TimeBaseInit                         0x080038cd   Thumb Code   122  stm32f10x_tim.o(i.TIM_TimeBaseInit)
    USART1_IRQHandler                        0x08003971   Thumb Code    86  stm32f10x_it.o(i.USART1_IRQHandler)
    USART_ClearFlag                          0x080039d9   Thumb Code    18  stm32f10x_usart.o(i.USART_ClearFlag)
    USART_Cmd                                0x080039eb   Thumb Code    24  stm32f10x_usart.o(i.USART_Cmd)
    USART_Config                             0x08003a05   Thumb Code   138  bsp_usart.o(i.USART_Config)
    USART_GetFlagStatus                      0x08003a99   Thumb Code    26  stm32f10x_usart.o(i.USART_GetFlagStatus)
    USART_ITConfig                           0x08003ab3   Thumb Code    74  stm32f10x_usart.o(i.USART_ITConfig)
    USART_Init                               0x08003afd   Thumb Code   210  stm32f10x_usart.o(i.USART_Init)
    USART_ReceiveData                        0x08003bd5   Thumb Code    10  stm32f10x_usart.o(i.USART_ReceiveData)
    UsageFault_Handler                       0x08003bdf   Thumb Code     4  stm32f10x_it.o(i.UsageFault_Handler)
    __scatterload_copy                       0x08003be3   Thumb Code    14  handlers.o(i.__scatterload_copy)
    __scatterload_null                       0x08003bf1   Thumb Code     2  handlers.o(i.__scatterload_null)
    __scatterload_zeroinit                   0x08003bf3   Thumb Code    14  handlers.o(i.__scatterload_zeroinit)
    delay_ms                                 0x08003c01   Thumb Code    26  delay.o(i.delay_ms)
    delay_us                                 0x08003c1b   Thumb Code    46  delay.o(i.delay_us)
    main                                     0x08003c49   Thumb Code   238  main.o(i.main)
    my_atof                                  0x08003d65   Thumb Code   202  bsp_printf.o(i.my_atof)
    my_printf                                0x08003e55   Thumb Code  1244  bsp_printf.o(i.my_printf)
    my_putchar                               0x08004331   Thumb Code   102  bsp_drawgraph.o(i.my_putchar)
    my_putstr                                0x08004397   Thumb Code    30  bsp_drawgraph.o(i.my_putstr)
    ASCII8x16_Table                          0x080043b4   Data        1520  fonts.o(.constdata)
    ASCII16x24_Table                         0x080049a4   Data        4560  fonts.o(.constdata)
    ASCII24x32_Table                         0x08005b74   Data        9120  fonts.o(.constdata)
    Region$$Table$$Base                      0x08007f14   Number         0  anon$$obj.o(Region$$Table)
    Region$$Table$$Limit                     0x08007f34   Number         0  anon$$obj.o(Region$$Table)
    mode                                     0x20000014   Data           1  main.o(.data)
    i                                        0x20000015   Data           1  main.o(.data)
    j                                        0x20000016   Data           1  main.o(.data)
    k                                        0x20000017   Data           1  main.o(.data)
    Pulse_num                                0x20000018   Data           4  main.o(.data)
    Duty                                     0x2000001c   Data           4  main.o(.data)
    x_1                                      0x20000020   Data           2  bsp_drawgraph.o(.data)
    x_2                                      0x20000022   Data           2  bsp_drawgraph.o(.data)
    y_1                                      0x20000024   Data           2  bsp_drawgraph.o(.data)
    y_2                                      0x20000026   Data           2  bsp_drawgraph.o(.data)
    backup                                   0x20000028   Data           2  bsp_drawgraph.o(.data)
    LCD_X_LENGTH                             0x2000002a   Data           2  bsp_drawgraph.o(.data)
    LCD_Y_LENGTH                             0x2000002c   Data           2  bsp_drawgraph.o(.data)
    LCD_SCAN_MODE                            0x2000002e   Data           1  bsp_drawgraph.o(.data)
    Font8x16                                 0x20000038   Data           8  fonts.o(.data)
    Font16x24                                0x20000040   Data           8  fonts.o(.data)
    Font24x32                                0x20000048   Data           8  fonts.o(.data)
    key_int_flag                             0x20000050   Data           1  bsp_key.o(.data)
    mode_change_flag                         0x20000051   Data           1  bsp_key.o(.data)
    status_index                             0x20000052   Data           1  bsp_key.o(.data)
    s                                        0x20000053   Data           1  bsp_key.o(.data)
    recv_flag                                0x20000054   Data           1  bsp_usart.o(.data)
    EE_Buff                                  0x20000058   Data          16  main.o(.bss)
    Pid                                      0x20000068   Data          32  main.o(.bss)
    PidV_Buff                                0x20000088   Data          32  main.o(.bss)
    PidW_Buff                                0x200000a8   Data          32  main.o(.bss)
    parambuff                                0x200000c8   Data          52  main.o(.bss)
    recv_buff                                0x200000fc   Data          10  bsp_usart.o(.bss)
    __initial_sp                             0x20000508   Data           0  startup_stm32f10x_hd.o(STACK)



==============================================================================

Memory Map of the image

  Image Entry point : 0x08000131

  Load Region LR_IROM1 (Base: 0x08000000, Size: 0x00007f8c, Max: 0x00080000, ABSOLUTE)

    Execution Region ER_IROM1 (Exec base: 0x08000000, Load base: 0x08000000, Size: 0x00007f34, Max: 0x00080000, ABSOLUTE)

    Exec Addr    Load Addr    Size         Type   Attr      Idx    E Section Name        Object

    0x08000000   0x08000000   0x00000130   Data   RO            3    RESET               startup_stm32f10x_hd.o
    0x08000130   0x08000130   0x00000000   Code   RO         3752  * .ARM.Collect$$$$00000000  mc_w.l(entry.o)
    0x08000130   0x08000130   0x00000004   Code   RO         3789    .ARM.Collect$$$$00000001  mc_w.l(entry2.o)
    0x08000134   0x08000134   0x00000004   Code   RO         3792    .ARM.Collect$$$$00000004  mc_w.l(entry5.o)
    0x08000138   0x08000138   0x00000000   Code   RO         3794    .ARM.Collect$$$$00000008  mc_w.l(entry7b.o)
    0x08000138   0x08000138   0x00000000   Code   RO         3796    .ARM.Collect$$$$0000000A  mc_w.l(entry8b.o)
    0x08000138   0x08000138   0x00000008   Code   RO         3797    .ARM.Collect$$$$0000000B  mc_w.l(entry9a.o)
    0x08000140   0x08000140   0x00000000   Code   RO         3799    .ARM.Collect$$$$0000000D  mc_w.l(entry10a.o)
    0x08000140   0x08000140   0x00000000   Code   RO         3801    .ARM.Collect$$$$0000000F  mc_w.l(entry11a.o)
    0x08000140   0x08000140   0x00000004   Code   RO         3790    .ARM.Collect$$$$00002712  mc_w.l(entry2.o)
    0x08000144   0x08000144   0x00000024   Code   RO            4    .text               startup_stm32f10x_hd.o
    0x08000168   0x08000168   0x0000000e   Code   RO         3755    .text               mc_w.l(strlen.o)
    0x08000176   0x08000176   0x000000b0   Code   RO         3757    .text               mf_w.l(fadd.o)
    0x08000226   0x08000226   0x00000064   Code   RO         3759    .text               mf_w.l(fmul.o)
    0x0800028a   0x0800028a   0x0000007c   Code   RO         3761    .text               mf_w.l(fdiv.o)
    0x08000306   0x08000306   0x0000014e   Code   RO         3763    .text               mf_w.l(dadd.o)
    0x08000454   0x08000454   0x000000e4   Code   RO         3765    .text               mf_w.l(dmul.o)
    0x08000538   0x08000538   0x000000de   Code   RO         3767    .text               mf_w.l(ddiv.o)
    0x08000616   0x08000616   0x00000012   Code   RO         3769    .text               mf_w.l(fflti.o)
    0x08000628   0x08000628   0x0000000a   Code   RO         3771    .text               mf_w.l(ffltui.o)
    0x08000632   0x08000632   0x0000001a   Code   RO         3773    .text               mf_w.l(dfltui.o)
    0x0800064c   0x0800064c   0x00000032   Code   RO         3775    .text               mf_w.l(ffixi.o)
    0x0800067e   0x0800067e   0x00000028   Code   RO         3777    .text               mf_w.l(ffixui.o)
    0x080006a6   0x080006a6   0x00000032   Code   RO         3779    .text               mf_w.l(dfixui.o)
    0x080006d8   0x080006d8   0x00000026   Code   RO         3781    .text               mf_w.l(f2d.o)
    0x080006fe   0x080006fe   0x00000038   Code   RO         3783    .text               mf_w.l(d2f.o)
    0x08000736   0x08000736   0x00000002   PAD
    0x08000738   0x08000738   0x00000014   Code   RO         3785    .text               mf_w.l(cfcmple.o)
    0x0800074c   0x0800074c   0x00000014   Code   RO         3787    .text               mf_w.l(cfrcmple.o)
    0x08000760   0x08000760   0x0000001e   Code   RO         3803    .text               mc_w.l(llshl.o)
    0x0800077e   0x0800077e   0x00000020   Code   RO         3805    .text               mc_w.l(llushr.o)
    0x0800079e   0x0800079e   0x00000024   Code   RO         3807    .text               mc_w.l(llsshr.o)
    0x080007c2   0x080007c2   0x00000000   Code   RO         3809    .text               mc_w.l(iusefp.o)
    0x080007c2   0x080007c2   0x0000006e   Code   RO         3810    .text               mf_w.l(fepilogue.o)
    0x08000830   0x08000830   0x000000ba   Code   RO         3812    .text               mf_w.l(depilogue.o)
    0x080008ea   0x080008ea   0x00000002   PAD
    0x080008ec   0x080008ec   0x00000024   Code   RO         3814    .text               mc_w.l(init.o)
    0x08000910   0x08000910   0x00000058   Code   RO         3393    i.BASIC_TIM_Config  bsp_basetim.o
    0x08000968   0x08000968   0x0000002a   Code   RO         3394    i.BASIC_TIM_NVIC_Config  bsp_basetim.o
    0x08000992   0x08000992   0x00000004   Code   RO         2995    i.BusFault_Handler  stm32f10x_it.o
    0x08000996   0x08000996   0x00000002   PAD
    0x08000998   0x08000998   0x0000019c   Code   RO         3580    i.Cusor_Show        bsp_param.o
    0x08000b34   0x08000b34   0x0000005c   Code   RO         3096    i.DISPLAYTIM_Config  bsp_displaytim.o
    0x08000b90   0x08000b90   0x00000022   Code   RO         3097    i.DISPLAYTIM_NVIC_Config  bsp_displaytim.o
    0x08000bb2   0x08000bb2   0x00000002   PAD
    0x08000bb4   0x08000bb4   0x00000064   Code   RO         3581    i.Data_BackUp       bsp_param.o
    0x08000c18   0x08000c18   0x00000064   Code   RO         3582    i.Data_Fetch        bsp_param.o
    0x08000c7c   0x08000c7c   0x00000002   Code   RO         2996    i.DebugMon_Handler  stm32f10x_it.o
    0x08000c7e   0x08000c7e   0x00000002   PAD
    0x08000c80   0x08000c80   0x0000004c   Code   RO         3550    i.Dir_Control       bsp_coder.o
    0x08000ccc   0x08000ccc   0x0000002c   Code   RO         3551    i.Dir_Control_GPIO_Config  bsp_coder.o
    0x08000cf8   0x08000cf8   0x000000f4   Code   RO         3114    i.DrawGraph         bsp_drawgraph.o
    0x08000dec   0x08000dec   0x000000e0   Code   RO         3115    i.DrawOrdinate      bsp_drawgraph.o
    0x08000ecc   0x08000ecc   0x0000004c   Code   RO         3722    i.E2Read            eeprom.o
    0x08000f18   0x08000f18   0x00000058   Code   RO         3724    i.E2Write           eeprom.o
    0x08000f70   0x08000f70   0x00000064   Code   RO         2997    i.EXTI15_10_IRQHandler  stm32f10x_it.o
    0x08000fd4   0x08000fd4   0x00000020   Code   RO         2998    i.EXTI2_IRQHandler  stm32f10x_it.o
    0x08000ff4   0x08000ff4   0x0000000c   Code   RO          939    i.EXTI_ClearITPendingBit  stm32f10x_exti.o
    0x08001000   0x08001000   0x00000028   Code   RO          943    i.EXTI_GetITStatus  stm32f10x_exti.o
    0x08001028   0x08001028   0x00000094   Code   RO          944    i.EXTI_Init         stm32f10x_exti.o
    0x080010bc   0x080010bc   0x00000034   Code   RO         1177    i.FSMC_NORSRAMCmd   stm32f10x_fsmc.o
    0x080010f0   0x080010f0   0x000000e6   Code   RO         1179    i.FSMC_NORSRAMInit  stm32f10x_fsmc.o
    0x080011d6   0x080011d6   0x00000002   PAD
    0x080011d8   0x080011d8   0x00000040   Code   RO         1289    i.GPIO_EXTILineConfig  stm32f10x_gpio.o
    0x08001218   0x08001218   0x00000116   Code   RO         1292    i.GPIO_Init         stm32f10x_gpio.o
    0x0800132e   0x0800132e   0x00000008   Code   RO         1295    i.GPIO_ReadInputData  stm32f10x_gpio.o
    0x08001336   0x08001336   0x00000012   Code   RO         1296    i.GPIO_ReadInputDataBit  stm32f10x_gpio.o
    0x08001348   0x08001348   0x00000004   Code   RO         1299    i.GPIO_ResetBits    stm32f10x_gpio.o
    0x0800134c   0x0800134c   0x00000004   Code   RO         1300    i.GPIO_SetBits      stm32f10x_gpio.o
    0x08001350   0x08001350   0x00000004   Code   RO         2999    i.HardFault_Handler  stm32f10x_it.o
    0x08001354   0x08001354   0x00000034   Code   RO         3674    i.I2CInit           i2c.o
    0x08001388   0x08001388   0x0000004c   Code   RO         3675    i.I2CRead           i2c.o
    0x080013d4   0x080013d4   0x0000003c   Code   RO         3676    i.I2CReadACK        i2c.o
    0x08001410   0x08001410   0x0000003c   Code   RO         3677    i.I2CReadNAK        i2c.o
    0x0800144c   0x0800144c   0x00000034   Code   RO         3678    i.I2CStart          i2c.o
    0x08001480   0x08001480   0x00000038   Code   RO         3679    i.I2CStop           i2c.o
    0x080014b8   0x080014b8   0x00000078   Code   RO         3680    i.I2CWrite          i2c.o
    0x08001530   0x08001530   0x00000024   Code   RO         3116    i.ILI9341_BackLed_Control  bsp_drawgraph.o
    0x08001554   0x08001554   0x0000002c   Code   RO         3117    i.ILI9341_Clear     bsp_drawgraph.o
    0x08001580   0x08001580   0x00000012   Code   RO         3118    i.ILI9341_Delay     bsp_drawgraph.o
    0x08001592   0x08001592   0x00000002   PAD
    0x08001594   0x08001594   0x00000098   Code   RO         3119    i.ILI9341_DispChar_EN  bsp_drawgraph.o
    0x0800162c   0x0800162c   0x00000068   Code   RO         3120    i.ILI9341_DispStringLine_EN  bsp_drawgraph.o
    0x08001694   0x08001694   0x000000a0   Code   RO         3124    i.ILI9341_DrawLine  bsp_drawgraph.o
    0x08001734   0x08001734   0x0000005e   Code   RO         3126    i.ILI9341_FSMC_Config  bsp_drawgraph.o
    0x08001792   0x08001792   0x00000020   Code   RO         3127    i.ILI9341_FillColor  bsp_drawgraph.o
    0x080017b2   0x080017b2   0x00000002   PAD
    0x080017b4   0x080017b4   0x00000198   Code   RO         3128    i.ILI9341_GPIO_Config  bsp_drawgraph.o
    0x0800194c   0x0800194c   0x000000b8   Code   RO         3130    i.ILI9341_GramScan  bsp_drawgraph.o
    0x08001a04   0x08001a04   0x00000028   Code   RO         3131    i.ILI9341_Init      bsp_drawgraph.o
    0x08001a2c   0x08001a2c   0x00000060   Code   RO         3132    i.ILI9341_OpenWindow  bsp_drawgraph.o
    0x08001a8c   0x08001a8c   0x00000230   Code   RO         3133    i.ILI9341_REG_Config  bsp_drawgraph.o
    0x08001cbc   0x08001cbc   0x00000028   Code   RO         3135    i.ILI9341_Rst       bsp_drawgraph.o
    0x08001ce4   0x08001ce4   0x00000014   Code   RO         3136    i.ILI9341_SetCursor  bsp_drawgraph.o
    0x08001cf8   0x08001cf8   0x00000038   Code   RO         3137    i.ILI9341_SetPointPixel  bsp_drawgraph.o
    0x08001d30   0x08001d30   0x00000008   Code   RO         3317    i.ILI9341_Write_Cmd  bsp_drawgraph.o
    0x08001d38   0x08001d38   0x0000000c   Code   RO         3322    i.ILI9341_Write_Data  bsp_drawgraph.o
    0x08001d44   0x08001d44   0x0000012c   Code   RO         3470    i.KEYPAD4x4_INT_INIT  bsp_key.o
    0x08001e70   0x08001e70   0x0000003c   Code   RO         3471    i.KEYPAD4x4_Init    bsp_key.o
    0x08001eac   0x08001eac   0x0000003c   Code   RO         3472    i.KEYPAD4x4_Init_Toggle  bsp_key.o
    0x08001ee8   0x08001ee8   0x0000018c   Code   RO         3473    i.KEYPAD4x4_Read    bsp_key.o
    0x08002074   0x08002074   0x000007e8   Code   RO         3474    i.Key_Handle        bsp_key.o
    0x0800285c   0x0800285c   0x0000000c   Code   RO         3475    i.Key_Init          bsp_key.o
    0x08002868   0x08002868   0x0000000c   Code   RO         3140    i.LCD_GetFont       bsp_drawgraph.o
    0x08002874   0x08002874   0x0000003c   Code   RO         3141    i.LCD_Ready         bsp_drawgraph.o
    0x080028b0   0x080028b0   0x00000014   Code   RO         3143    i.LCD_SetColors     bsp_drawgraph.o
    0x080028c4   0x080028c4   0x0000000c   Code   RO         3144    i.LCD_SetFont       bsp_drawgraph.o
    0x080028d0   0x080028d0   0x00000060   Code   RO         3429    i.LED_GPIO_Config   bsp_led.o
    0x08002930   0x08002930   0x00000004   Code   RO         3000    i.MemManage_Handler  stm32f10x_it.o
    0x08002934   0x08002934   0x0000001c   Code   RO         3583    i.Motor_Start       bsp_param.o
    0x08002950   0x08002950   0x00000002   Code   RO         3001    i.NMI_Handler       stm32f10x_it.o
    0x08002952   0x08002952   0x00000028   Code   RO         3411    i.NVIC_Config       bsp_pulsecap_exti.o
    0x0800297a   0x0800297a   0x00000026   Code   RO         3640    i.NVIC_Configuration  bsp_usart.o
    0x080029a0   0x080029a0   0x00000070   Code   RO          137    i.NVIC_Init         misc.o
    0x08002a10   0x08002a10   0x00000014   Code   RO          138    i.NVIC_PriorityGroupConfig  misc.o
    0x08002a24   0x08002a24   0x000000c4   Code   RO         3641    i.PC_CommandHandle  bsp_usart.o
    0x08002ae8   0x08002ae8   0x00000018   Code   RO         3363    i.PWM_Enable        bsp_pwm.o
    0x08002b00   0x08002b00   0x00000020   Code   RO         3364    i.PWM_SetDuty       bsp_pwm.o
    0x08002b20   0x08002b20   0x000000e0   Code   RO         3584    i.ParamBuff_Update  bsp_param.o
    0x08002c00   0x08002c00   0x000000bc   Code   RO         3585    i.Param_DynaRefresh  bsp_param.o
    0x08002cbc   0x08002cbc   0x00000078   Code   RO         3586    i.Param_NameShow    bsp_param.o
    0x08002d34   0x08002d34   0x00000080   Code   RO         3587    i.Param_Refresh     bsp_param.o
    0x08002db4   0x08002db4   0x00000050   Code   RO         3588    i.Param_Update      bsp_param.o
    0x08002e04   0x08002e04   0x00000002   Code   RO         3002    i.PendSV_Handler    stm32f10x_it.o
    0x08002e06   0x08002e06   0x00000002   PAD
    0x08002e08   0x08002e08   0x000000c4   Code   RO         2904    i.Pid_Cal           main.o
    0x08002ecc   0x08002ecc   0x0000004c   Code   RO         3412    i.PulseCap_EXTI_Config  bsp_pulsecap_exti.o
    0x08002f18   0x08002f18   0x00000020   Code   RO         1503    i.RCC_AHBPeriphClockCmd  stm32f10x_rcc.o
    0x08002f38   0x08002f38   0x00000020   Code   RO         1504    i.RCC_APB1PeriphClockCmd  stm32f10x_rcc.o
    0x08002f58   0x08002f58   0x00000020   Code   RO         1506    i.RCC_APB2PeriphClockCmd  stm32f10x_rcc.o
    0x08002f78   0x08002f78   0x000000d4   Code   RO         1514    i.RCC_GetClocksFreq  stm32f10x_rcc.o
    0x0800304c   0x0800304c   0x00000002   Code   RO         3003    i.SVC_Handler       stm32f10x_it.o
    0x0800304e   0x0800304e   0x00000008   Code   RO           24    i.SetSysClock       system_stm32f10x.o
    0x08003056   0x08003056   0x00000002   PAD
    0x08003058   0x08003058   0x000000e0   Code   RO           25    i.SetSysClockTo72   system_stm32f10x.o
    0x08003138   0x08003138   0x00000002   Code   RO         3004    i.SysTick_Handler   stm32f10x_it.o
    0x0800313a   0x0800313a   0x00000002   PAD
    0x0800313c   0x0800313c   0x00000060   Code   RO           27    i.SystemInit        system_stm32f10x.o
    0x0800319c   0x0800319c   0x00000080   Code   RO         2122    i.TI1_Config        stm32f10x_tim.o
    0x0800321c   0x0800321c   0x00000098   Code   RO         2123    i.TI2_Config        stm32f10x_tim.o
    0x080032b4   0x080032b4   0x00000090   Code   RO         2124    i.TI3_Config        stm32f10x_tim.o
    0x08003344   0x08003344   0x00000098   Code   RO         2125    i.TI4_Config        stm32f10x_tim.o
    0x080033dc   0x080033dc   0x00000060   Code   RO         3552    i.TIM3_Encoder_Config  bsp_coder.o
    0x0800343c   0x0800343c   0x0000002c   Code   RO         3553    i.TIM3_Encoder_GPIO_Config  bsp_coder.o
    0x08003468   0x08003468   0x00000100   Code   RO         3005    i.TIM6_IRQHandler   stm32f10x_it.o
    0x08003568   0x08003568   0x00000074   Code   RO         3006    i.TIM7_IRQHandler   stm32f10x_it.o
    0x080035dc   0x080035dc   0x00000006   Code   RO         2132    i.TIM_ClearFlag     stm32f10x_tim.o
    0x080035e2   0x080035e2   0x00000006   Code   RO         2133    i.TIM_ClearITPendingBit  stm32f10x_tim.o
    0x080035e8   0x080035e8   0x00000018   Code   RO         2138    i.TIM_Cmd           stm32f10x_tim.o
    0x08003600   0x08003600   0x0000001e   Code   RO         2140    i.TIM_CtrlPWMOutputs  stm32f10x_tim.o
    0x0800361e   0x0800361e   0x00000042   Code   RO         2147    i.TIM_EncoderInterfaceConfig  stm32f10x_tim.o
    0x08003660   0x08003660   0x00000022   Code   RO         2159    i.TIM_GetITStatus   stm32f10x_tim.o
    0x08003682   0x08003682   0x00000002   PAD
    0x08003684   0x08003684   0x000000ac   Code   RO         2161    i.TIM_ICInit        stm32f10x_tim.o
    0x08003730   0x08003730   0x00000012   Code   RO         2162    i.TIM_ICStructInit  stm32f10x_tim.o
    0x08003742   0x08003742   0x00000012   Code   RO         2163    i.TIM_ITConfig      stm32f10x_tim.o
    0x08003754   0x08003754   0x00000098   Code   RO         2167    i.TIM_OC1Init       stm32f10x_tim.o
    0x080037ec   0x080037ec   0x0000005c   Code   RO         3365    i.TIM_PWM_Config    bsp_pwm.o
    0x08003848   0x08003848   0x0000002c   Code   RO         3366    i.TIM_PWM_GPIO_Congig  bsp_pwm.o
    0x08003874   0x08003874   0x00000012   Code   RO         2204    i.TIM_SetIC1Prescaler  stm32f10x_tim.o
    0x08003886   0x08003886   0x0000001a   Code   RO         2205    i.TIM_SetIC2Prescaler  stm32f10x_tim.o
    0x080038a0   0x080038a0   0x00000012   Code   RO         2206    i.TIM_SetIC3Prescaler  stm32f10x_tim.o
    0x080038b2   0x080038b2   0x0000001a   Code   RO         2207    i.TIM_SetIC4Prescaler  stm32f10x_tim.o
    0x080038cc   0x080038cc   0x000000a4   Code   RO         2209    i.TIM_TimeBaseInit  stm32f10x_tim.o
    0x08003970   0x08003970   0x00000068   Code   RO         3007    i.USART1_IRQHandler  stm32f10x_it.o
    0x080039d8   0x080039d8   0x00000012   Code   RO         2670    i.USART_ClearFlag   stm32f10x_usart.o
    0x080039ea   0x080039ea   0x00000018   Code   RO         2674    i.USART_Cmd         stm32f10x_usart.o
    0x08003a02   0x08003a02   0x00000002   PAD
    0x08003a04   0x08003a04   0x00000094   Code   RO         3642    i.USART_Config      bsp_usart.o
    0x08003a98   0x08003a98   0x0000001a   Code   RO         2677    i.USART_GetFlagStatus  stm32f10x_usart.o
    0x08003ab2   0x08003ab2   0x0000004a   Code   RO         2680    i.USART_ITConfig    stm32f10x_usart.o
    0x08003afc   0x08003afc   0x000000d8   Code   RO         2681    i.USART_Init        stm32f10x_usart.o
    0x08003bd4   0x08003bd4   0x0000000a   Code   RO         2688    i.USART_ReceiveData  stm32f10x_usart.o
    0x08003bde   0x08003bde   0x00000004   Code   RO         3008    i.UsageFault_Handler  stm32f10x_it.o
    0x08003be2   0x08003be2   0x0000000e   Code   RO         3818    i.__scatterload_copy  mc_w.l(handlers.o)
    0x08003bf0   0x08003bf0   0x00000002   Code   RO         3819    i.__scatterload_null  mc_w.l(handlers.o)
    0x08003bf2   0x08003bf2   0x0000000e   Code   RO         3820    i.__scatterload_zeroinit  mc_w.l(handlers.o)
    0x08003c00   0x08003c00   0x0000001a   Code   RO         3526    i.delay_ms          delay.o
    0x08003c1a   0x08003c1a   0x0000002e   Code   RO         3528    i.delay_us          delay.o
    0x08003c48   0x08003c48   0x0000011c   Code   RO         2905    i.main              main.o
    0x08003d64   0x08003d64   0x000000dc   Code   RO         3444    i.my_atof           bsp_printf.o
    0x08003e40   0x08003e40   0x00000014   Code   RO         3445    i.my_pow            bsp_printf.o
    0x08003e54   0x08003e54   0x000004dc   Code   RO         3446    i.my_printf         bsp_printf.o
    0x08004330   0x08004330   0x00000066   Code   RO         3146    i.my_putchar        bsp_drawgraph.o
    0x08004396   0x08004396   0x0000001e   Code   RO         3147    i.my_putstr         bsp_drawgraph.o
    0x080043b4   0x080043b4   0x00003b60   Data   RO         3350    .constdata          fonts.o
    0x08007f14   0x08007f14   0x00000020   Data   RO         3816    Region$$Table       anon$$obj.o


    Execution Region RW_IRAM1 (Exec base: 0x20000000, Load base: 0x08007f34, Size: 0x00000508, Max: 0x00010000, ABSOLUTE)

    Exec Addr    Load Addr    Size         Type   Attr      Idx    E Section Name        Object

    0x20000000   0x08007f34   0x00000014   Data   RW         1534    .data               stm32f10x_rcc.o
    0x20000014   0x08007f48   0x0000000c   Data   RW         2907    .data               main.o
    0x20000020   0x08007f54   0x00000018   Data   RW         3148    .data               bsp_drawgraph.o
    0x20000038   0x08007f6c   0x00000018   Data   RW         3351    .data               fonts.o
    0x20000050   0x08007f84   0x00000004   Data   RW         3476    .data               bsp_key.o
    0x20000054   0x08007f88   0x00000001   Data   RW         3644    .data               bsp_usart.o
    0x20000055   0x08007f89   0x00000003   PAD
    0x20000058        -       0x000000a4   Zero   RW         2906    .bss                main.o
    0x200000fc        -       0x0000000a   Zero   RW         3643    .bss                bsp_usart.o
    0x20000106   0x08007f89   0x00000002   PAD
    0x20000108        -       0x00000400   Zero   RW            1    STACK               startup_stm32f10x_hd.o


==============================================================================

Image component sizes


      Code (inc. data)   RO Data    RW Data    ZI Data      Debug   Object Name

       130          4          0          0          0       1019   bsp_basetim.o
       260         26          0          0          0       2013   bsp_coder.o
       126          6          0          0          0       1041   bsp_displaytim.o
      2768        186          0         24          0      16642   bsp_drawgraph.o
      2852        122          0          4          0       4390   bsp_key.o
        96          6          0          0          0        498   bsp_led.o
      1380        184          0          0          0       4301   bsp_param.o
      1484         28          0          0          0       3866   bsp_printf.o
       116          6          0          0          0       1073   bsp_pulsecap_exti.o
       192         22          0          0          0       1946   bsp_pwm.o
       382         28          0          1         10       2244   bsp_usart.o
         0          0          0          0          0       4532   core_cm3.o
        72          0          0          0          0        898   delay.o
       164          0          0          0          0       1559   eeprom.o
         0          0      15200         24          0       1197   fonts.o
       476         56          0          0          0       3434   i2c.o
       480         56          0         12        164       3598   main.o
       132         22          0          0          0       1583   misc.o
        36          8        304          0       1024        836   startup_stm32f10x_hd.o
       200         18          0          0          0       2168   stm32f10x_exti.o
       282          6          0          0          0       1861   stm32f10x_fsmc.o
       376          4          0          0          0       4911   stm32f10x_gpio.o
       634        102          0          0          0       6004   stm32f10x_it.o
       308         38          0         20          0       5046   stm32f10x_rcc.o
      1354        170          0          0          0      12894   stm32f10x_tim.o
       368          6          0          0          0       5514   stm32f10x_usart.o
       328         28          0          0          0     260389   system_stm32f10x.o

    ----------------------------------------------------------------------
     15018       1132      15536         88       1200     355457   Object Totals
         0          0         32          0          0          0   (incl. Generated)
        22          0          0          3          2          0   (incl. Padding)

    ----------------------------------------------------------------------

      Code (inc. data)   RO Data    RW Data    ZI Data      Debug   Library Member Name

         0          0          0          0          0          0   entry.o
         0          0          0          0          0          0   entry10a.o
         0          0          0          0          0          0   entry11a.o
         8          4          0          0          0          0   entry2.o
         4          0          0          0          0          0   entry5.o
         0          0          0          0          0          0   entry7b.o
         0          0          0          0          0          0   entry8b.o
         8          4          0          0          0          0   entry9a.o
        30          0          0          0          0          0   handlers.o
        36          8          0          0          0         68   init.o
         0          0          0          0          0          0   iusefp.o
        30          0          0          0          0         68   llshl.o
        36          0          0          0          0         68   llsshr.o
        32          0          0          0          0         68   llushr.o
        14          0          0          0          0         68   strlen.o
        20          0          0          0          0         68   cfcmple.o
        20          0          0          0          0         68   cfrcmple.o
        56          0          0          0          0         88   d2f.o
       334          0          0          0          0        148   dadd.o
       222          0          0          0          0        100   ddiv.o
       186          0          0          0          0        176   depilogue.o
        50          0          0          0          0         76   dfixui.o
        26          0          0          0          0         76   dfltui.o
       228          0          0          0          0         96   dmul.o
        38          0          0          0          0         68   f2d.o
       176          0          0          0          0        140   fadd.o
       124          0          0          0          0         88   fdiv.o
       110          0          0          0          0        168   fepilogue.o
        50          0          0          0          0         68   ffixi.o
        40          0          0          0          0         68   ffixui.o
        18          0          0          0          0         68   fflti.o
        10          0          0          0          0         68   ffltui.o
       100          0          0          0          0         76   fmul.o

    ----------------------------------------------------------------------
      2010         16          0          0          0       2048   Library Totals
         4          0          0          0          0          0   (incl. Padding)

    ----------------------------------------------------------------------

      Code (inc. data)   RO Data    RW Data    ZI Data      Debug   Library Name

       198         16          0          0          0        340   mc_w.l
      1808          0          0          0          0       1708   mf_w.l

    ----------------------------------------------------------------------
      2010         16          0          0          0       2048   Library Totals

    ----------------------------------------------------------------------

==============================================================================


      Code (inc. data)   RO Data    RW Data    ZI Data      Debug   

     17028       1148      15536         88       1200     349857   Grand Totals
     17028       1148      15536         88       1200     349857   ELF Image Totals
     17028       1148      15536         88          0          0   ROM Totals

==============================================================================

    Total RO  Size (Code + RO Data)                32564 (  31.80kB)
    Total RW  Size (RW Data + ZI Data)              1288 (   1.26kB)
    Total ROM Size (Code + RO Data + RW Data)      32652 (  31.89kB)

==============================================================================

